[     784ms] [INFO] %cDownload the React DevTools for a better development experience: https://react.dev/link/react-devtools font-weight:bold @ http://localhost:8788/node_modules/.vite/deps/react-dom_client.js?v=32f5a6e4:15804
[    1642ms] [ERROR] Encountered a script tag while rendering React component. Scripts inside React components are never executed when rendering on the client. Consider using template tag instead (https://developer.mozilla.org/en-US/docs/Web/HTML/Element/template). @ http://localhost:8788/node_modules/.vite/deps/react-dom_client.js?v=32f5a6e4:6614
[    1803ms] [INFO] [cadence:tasks-query] state changed {filters: Object, enabled: false, status: pending, fetchStatus: idle, count: null} @ http://localhost:8788/app/hooks/tasks/use-tasks.ts:28
[    1805ms] [INFO] [cadence:inbox-query] state changed {enabled: false, status: pending, fetchStatus: idle, count: null, error: null} @ http://localhost:8788/app/hooks/inbox/use-inbox.ts:21
[    1806ms] [INFO] [cadence:tasks-query] state changed {filters: Object, enabled: false, status: pending, fetchStatus: idle, count: null} @ http://localhost:8788/app/hooks/tasks/use-tasks.ts:28
[    1811ms] [INFO] [cadence:tasks-query] state changed {filters: Object, enabled: false, status: pending, fetchStatus: idle, count: null} @ http://localhost:8788/app/hooks/tasks/use-tasks.ts:28
[    1812ms] [INFO] [cadence:inbox-query] state changed {enabled: false, status: pending, fetchStatus: idle, count: null, error: null} @ http://localhost:8788/app/hooks/inbox/use-inbox.ts:21
[    1812ms] [INFO] [cadence:tasks-query] state changed {filters: Object, enabled: false, status: pending, fetchStatus: idle, count: null} @ http://localhost:8788/app/hooks/tasks/use-tasks.ts:28
[    1865ms] [INFO] [cadence:tasks-query] state changed {filters: Object, enabled: false, status: pending, fetchStatus: idle, count: null} @ http://localhost:8788/app/hooks/tasks/use-tasks.ts:28
[    1866ms] [INFO] [cadence:tasks-query] state changed {filters: Object, enabled: false, status: pending, fetchStatus: idle, count: null} @ http://localhost:8788/app/hooks/tasks/use-tasks.ts:28
[    1944ms] [INFO] [cadence:tasks-query] state changed {filters: Object, enabled: false, status: success, fetchStatus: idle, count: 1} @ http://localhost:8788/app/hooks/tasks/use-tasks.ts:28
[    1946ms] [INFO] [cadence:inbox-query] state changed {enabled: false, status: success, fetchStatus: idle, count: 0, error: null} @ http://localhost:8788/app/hooks/inbox/use-inbox.ts:21
[    1947ms] [INFO] [cadence:tasks-query] state changed {filters: Object, enabled: false, status: success, fetchStatus: idle, count: 0} @ http://localhost:8788/app/hooks/tasks/use-tasks.ts:28
[    1982ms] [INFO] [cadence:tasks-query] state changed {filters: Object, enabled: false, status: success, fetchStatus: idle, count: 1} @ http://localhost:8788/app/hooks/tasks/use-tasks.ts:28
[    2020ms] [INFO] [cadence:tasks-query] state changed {filters: Object, enabled: false, status: success, fetchStatus: idle, count: 1} @ http://localhost:8788/app/hooks/tasks/use-tasks.ts:28
[    2020ms] [INFO] [cadence:inbox-query] state changed {enabled: false, status: success, fetchStatus: idle, count: 0, error: null} @ http://localhost:8788/app/hooks/inbox/use-inbox.ts:21
[    2021ms] [INFO] [cadence:tasks-query] state changed {filters: Object, enabled: false, status: success, fetchStatus: idle, count: 0} @ http://localhost:8788/app/hooks/tasks/use-tasks.ts:28
[    2110ms] [INFO] [cadence:tasks-query] state changed {filters: Object, enabled: true, status: success, fetchStatus: idle, count: 1} @ http://localhost:8788/app/hooks/tasks/use-tasks.ts:28
[    2114ms] [INFO] [cadence:inbox-query] state changed {enabled: true, status: success, fetchStatus: idle, count: 0, error: null} @ http://localhost:8788/app/hooks/inbox/use-inbox.ts:21
[    2115ms] [INFO] [cadence:tasks-query] state changed {filters: Object, enabled: true, status: success, fetchStatus: idle, count: 0} @ http://localhost:8788/app/hooks/tasks/use-tasks.ts:28
[    2117ms] [INFO] [cadence:tasks-query] state changed {filters: Object, enabled: true, status: success, fetchStatus: idle, count: 1} @ http://localhost:8788/app/hooks/tasks/use-tasks.ts:28
[    2118ms] [INFO] [cadence:inbox-query] state changed {enabled: true, status: success, fetchStatus: idle, count: 0, error: null} @ http://localhost:8788/app/hooks/inbox/use-inbox.ts:21
[    2118ms] [INFO] [cadence:tasks-query] state changed {filters: Object, enabled: true, status: success, fetchStatus: idle, count: 0} @ http://localhost:8788/app/hooks/tasks/use-tasks.ts:28
[    2123ms] [INFO] [cadence:tasks-query] state changed {filters: Object, enabled: true, status: success, fetchStatus: idle, count: 1} @ http://localhost:8788/app/hooks/tasks/use-tasks.ts:28
[    2124ms] [INFO] [cadence:inbox-query] state changed {enabled: true, status: success, fetchStatus: idle, count: 0, error: null} @ http://localhost:8788/app/hooks/inbox/use-inbox.ts:21
[    2124ms] [INFO] [cadence:tasks-query] state changed {filters: Object, enabled: true, status: success, fetchStatus: idle, count: 0} @ http://localhost:8788/app/hooks/tasks/use-tasks.ts:28
[    2182ms] [INFO] [cadence:tasks-query] state changed {filters: Object, enabled: true, status: success, fetchStatus: idle, count: 1} @ http://localhost:8788/app/hooks/tasks/use-tasks.ts:28
[    2184ms] [INFO] [cadence:tasks-query] state changed {filters: Object, enabled: true, status: success, fetchStatus: idle, count: 0} @ http://localhost:8788/app/hooks/tasks/use-tasks.ts:28
[    2185ms] [INFO] [cadence:tasks-query] state changed {filters: Object, enabled: true, status: success, fetchStatus: idle, count: 1} @ http://localhost:8788/app/hooks/tasks/use-tasks.ts:28
[    2390ms] [INFO] [cadence:tasks-query] state changed {filters: Object, enabled: false, status: success, fetchStatus: idle, count: 1} @ http://localhost:8788/app/hooks/tasks/use-tasks.ts:28
[    2391ms] [INFO] [cadence:inbox-query] state changed {enabled: true, status: success, fetchStatus: idle, count: 0, error: null} @ http://localhost:8788/app/hooks/inbox/use-inbox.ts:21
[    2393ms] [INFO] [cadence:tasks-query] state changed {filters: Object, enabled: false, status: success, fetchStatus: idle, count: 1} @ http://localhost:8788/app/hooks/tasks/use-tasks.ts:28
[    2394ms] [INFO] [cadence:inbox-query] state changed {enabled: true, status: success, fetchStatus: idle, count: 0, error: null} @ http://localhost:8788/app/hooks/inbox/use-inbox.ts:21
[    2395ms] [INFO] [cadence:tasks-query] state changed {filters: Object, enabled: false, status: success, fetchStatus: idle, count: 1} @ http://localhost:8788/app/hooks/tasks/use-tasks.ts:28
[    2396ms] [INFO] [cadence:inbox-query] state changed {enabled: true, status: success, fetchStatus: idle, count: 0, error: null} @ http://localhost:8788/app/hooks/inbox/use-inbox.ts:21
[    2396ms] [INFO] [cadence:tasks-query] state changed {filters: Object, enabled: false, status: success, fetchStatus: idle, count: 1} @ http://localhost:8788/app/hooks/tasks/use-tasks.ts:28
[    2397ms] [INFO] [cadence:inbox-query] state changed {enabled: true, status: success, fetchStatus: idle, count: 0, error: null} @ http://localhost:8788/app/hooks/inbox/use-inbox.ts:21
[    2556ms] [INFO] [cadence:tasks-query] state changed {filters: Object, enabled: true, status: success, fetchStatus: idle, count: 1} @ http://localhost:8788/app/hooks/tasks/use-tasks.ts:28
[   36219ms] [INFO] [cadence:tasks-query] state changed {filters: Object, enabled: true, status: success, fetchStatus: idle, count: 1} @ http://localhost:8788/app/hooks/tasks/use-tasks.ts:28
[   57621ms] [INFO] [cadence:tasks-query] state changed {filters: Object, enabled: true, status: success, fetchStatus: idle, count: 1} @ http://localhost:8788/app/hooks/tasks/use-tasks.ts:28
[  113352ms] [INFO] [cadence:tasks-query] state changed {filters: Object, enabled: true, status: success, fetchStatus: idle, count: 1} @ http://localhost:8788/app/hooks/tasks/use-tasks.ts:28
[  169116ms] [INFO] [cadence:tasks-query] state changed {filters: Object, enabled: true, status: success, fetchStatus: idle, count: 1} @ http://localhost:8788/app/hooks/tasks/use-tasks.ts:28
[  224848ms] [INFO] [cadence:tasks-query] state changed {filters: Object, enabled: true, status: success, fetchStatus: idle, count: 1} @ http://localhost:8788/app/hooks/tasks/use-tasks.ts:28
[  280606ms] [INFO] [cadence:tasks-query] state changed {filters: Object, enabled: true, status: success, fetchStatus: idle, count: 1} @ http://localhost:8788/app/hooks/tasks/use-tasks.ts:28
[  338450ms] [INFO] [cadence:tasks-query] state changed {filters: Object, enabled: true, status: success, fetchStatus: idle, count: 1} @ http://localhost:8788/app/hooks/tasks/use-tasks.ts:28
[  394245ms] [INFO] [cadence:tasks-query] state changed {filters: Object, enabled: true, status: success, fetchStatus: idle, count: 1} @ http://localhost:8788/app/hooks/tasks/use-tasks.ts:28
[  449952ms] [INFO] [cadence:tasks-query] state changed {filters: Object, enabled: true, status: success, fetchStatus: idle, count: 1} @ http://localhost:8788/app/hooks/tasks/use-tasks.ts:28
[  505759ms] [INFO] [cadence:tasks-query] state changed {filters: Object, enabled: true, status: success, fetchStatus: idle, count: 1} @ http://localhost:8788/app/hooks/tasks/use-tasks.ts:28
[  561469ms] [INFO] [cadence:tasks-query] state changed {filters: Object, enabled: true, status: success, fetchStatus: idle, count: 1} @ http://localhost:8788/app/hooks/tasks/use-tasks.ts:28
[  617250ms] [INFO] [cadence:tasks-query] state changed {filters: Object, enabled: true, status: success, fetchStatus: idle, count: 1} @ http://localhost:8788/app/hooks/tasks/use-tasks.ts:28
[  672966ms] [INFO] [cadence:tasks-query] state changed {filters: Object, enabled: true, status: success, fetchStatus: idle, count: 1} @ http://localhost:8788/app/hooks/tasks/use-tasks.ts:28
[  728727ms] [INFO] [cadence:tasks-query] state changed {filters: Object, enabled: true, status: success, fetchStatus: idle, count: 1} @ http://localhost:8788/app/hooks/tasks/use-tasks.ts:28
[  786575ms] [INFO] [cadence:tasks-query] state changed {filters: Object, enabled: true, status: success, fetchStatus: idle, count: 1} @ http://localhost:8788/app/hooks/tasks/use-tasks.ts:28
[  842248ms] [INFO] [cadence:tasks-query] state changed {filters: Object, enabled: true, status: success, fetchStatus: idle, count: 1} @ http://localhost:8788/app/hooks/tasks/use-tasks.ts:28
[  898021ms] [INFO] [cadence:tasks-query] state changed {filters: Object, enabled: true, status: success, fetchStatus: idle, count: 1} @ http://localhost:8788/app/hooks/tasks/use-tasks.ts:28
[  953691ms] [INFO] [cadence:tasks-query] state changed {filters: Object, enabled: true, status: success, fetchStatus: idle, count: 1} @ http://localhost:8788/app/hooks/tasks/use-tasks.ts:28
[ 1010802ms] [INFO] [cadence:tasks-query] state changed {filters: Object, enabled: true, status: success, fetchStatus: idle, count: 1} @ http://localhost:8788/app/hooks/tasks/use-tasks.ts:28
[ 1066620ms] [INFO] [cadence:tasks-query] state changed {filters: Object, enabled: true, status: success, fetchStatus: idle, count: 1} @ http://localhost:8788/app/hooks/tasks/use-tasks.ts:28
[ 1122411ms] [INFO] [cadence:tasks-query] state changed {filters: Object, enabled: true, status: success, fetchStatus: idle, count: 1} @ http://localhost:8788/app/hooks/tasks/use-tasks.ts:28
[ 1178225ms] [INFO] [cadence:tasks-query] state changed {filters: Object, enabled: true, status: success, fetchStatus: idle, count: 1} @ http://localhost:8788/app/hooks/tasks/use-tasks.ts:28
[ 1233922ms] [INFO] [cadence:tasks-query] state changed {filters: Object, enabled: true, status: success, fetchStatus: idle, count: 1} @ http://localhost:8788/app/hooks/tasks/use-tasks.ts:28
[ 1289755ms] [INFO] [cadence:tasks-query] state changed {filters: Object, enabled: true, status: success, fetchStatus: idle, count: 1} @ http://localhost:8788/app/hooks/tasks/use-tasks.ts:28
[ 1347602ms] [INFO] [cadence:tasks-query] state changed {filters: Object, enabled: true, status: success, fetchStatus: idle, count: 1} @ http://localhost:8788/app/hooks/tasks/use-tasks.ts:28
[ 1403367ms] [INFO] [cadence:tasks-query] state changed {filters: Object, enabled: true, status: success, fetchStatus: idle, count: 1} @ http://localhost:8788/app/hooks/tasks/use-tasks.ts:28
[ 1459068ms] [INFO] [cadence:tasks-query] state changed {filters: Object, enabled: true, status: success, fetchStatus: idle, count: 1} @ http://localhost:8788/app/hooks/tasks/use-tasks.ts:28
[ 1514767ms] [INFO] [cadence:tasks-query] state changed {filters: Object, enabled: true, status: success, fetchStatus: idle, count: 1} @ http://localhost:8788/app/hooks/tasks/use-tasks.ts:28
[ 1570546ms] [INFO] [cadence:tasks-query] state changed {filters: Object, enabled: true, status: success, fetchStatus: idle, count: 1} @ http://localhost:8788/app/hooks/tasks/use-tasks.ts:28
[ 1626289ms] [INFO] [cadence:tasks-query] state changed {filters: Object, enabled: true, status: success, fetchStatus: idle, count: 1} @ http://localhost:8788/app/hooks/tasks/use-tasks.ts:28
[ 1682026ms] [INFO] [cadence:tasks-query] state changed {filters: Object, enabled: true, status: success, fetchStatus: idle, count: 1} @ http://localhost:8788/app/hooks/tasks/use-tasks.ts:28
[ 1737716ms] [INFO] [cadence:tasks-query] state changed {filters: Object, enabled: true, status: success, fetchStatus: idle, count: 1} @ http://localhost:8788/app/hooks/tasks/use-tasks.ts:28
[ 1795636ms] [INFO] [cadence:tasks-query] state changed {filters: Object, enabled: true, status: success, fetchStatus: idle, count: 1} @ http://localhost:8788/app/hooks/tasks/use-tasks.ts:28
[ 1851329ms] [INFO] [cadence:tasks-query] state changed {filters: Object, enabled: true, status: success, fetchStatus: idle, count: 1} @ http://localhost:8788/app/hooks/tasks/use-tasks.ts:28
[ 1906192ms] [INFO] [cadence:tasks-query] state changed {filters: Object, enabled: true, status: success, fetchStatus: idle, count: 1} @ http://localhost:8788/app/hooks/tasks/use-tasks.ts:28
[ 1963156ms] [INFO] [cadence:tasks-query] state changed {filters: Object, enabled: true, status: success, fetchStatus: idle, count: 1} @ http://localhost:8788/app/hooks/tasks/use-tasks.ts:28
[ 2019050ms] [INFO] [cadence:tasks-query] state changed {filters: Object, enabled: true, status: success, fetchStatus: idle, count: 1} @ http://localhost:8788/app/hooks/tasks/use-tasks.ts:28
[ 2074818ms] [INFO] [cadence:tasks-query] state changed {filters: Object, enabled: true, status: success, fetchStatus: idle, count: 1} @ http://localhost:8788/app/hooks/tasks/use-tasks.ts:28
[ 2130604ms] [INFO] [cadence:tasks-query] state changed {filters: Object, enabled: true, status: success, fetchStatus: idle, count: 1} @ http://localhost:8788/app/hooks/tasks/use-tasks.ts:28
[ 2188523ms] [INFO] [cadence:tasks-query] state changed {filters: Object, enabled: true, status: success, fetchStatus: idle, count: 1} @ http://localhost:8788/app/hooks/tasks/use-tasks.ts:28
[ 2244188ms] [INFO] [cadence:tasks-query] state changed {filters: Object, enabled: true, status: success, fetchStatus: idle, count: 1} @ http://localhost:8788/app/hooks/tasks/use-tasks.ts:28
[ 2299924ms] [INFO] [cadence:tasks-query] state changed {filters: Object, enabled: true, status: success, fetchStatus: idle, count: 1} @ http://localhost:8788/app/hooks/tasks/use-tasks.ts:28
[ 2355616ms] [INFO] [cadence:tasks-query] state changed {filters: Object, enabled: true, status: success, fetchStatus: idle, count: 1} @ http://localhost:8788/app/hooks/tasks/use-tasks.ts:28
[ 2411345ms] [INFO] [cadence:tasks-query] state changed {filters: Object, enabled: true, status: success, fetchStatus: idle, count: 1} @ http://localhost:8788/app/hooks/tasks/use-tasks.ts:28
[ 2467007ms] [INFO] [cadence:tasks-query] state changed {filters: Object, enabled: true, status: success, fetchStatus: idle, count: 1} @ http://localhost:8788/app/hooks/tasks/use-tasks.ts:28
[ 2522690ms] [INFO] [cadence:tasks-query] state changed {filters: Object, enabled: true, status: success, fetchStatus: idle, count: 1} @ http://localhost:8788/app/hooks/tasks/use-tasks.ts:28
[ 2580556ms] [INFO] [cadence:tasks-query] state changed {filters: Object, enabled: true, status: success, fetchStatus: idle, count: 1} @ http://localhost:8788/app/hooks/tasks/use-tasks.ts:28
[ 2636196ms] [INFO] [cadence:tasks-query] state changed {filters: Object, enabled: true, status: success, fetchStatus: idle, count: 1} @ http://localhost:8788/app/hooks/tasks/use-tasks.ts:28
[ 2691938ms] [INFO] [cadence:tasks-query] state changed {filters: Object, enabled: true, status: success, fetchStatus: idle, count: 1} @ http://localhost:8788/app/hooks/tasks/use-tasks.ts:28
[ 2747614ms] [INFO] [cadence:tasks-query] state changed {filters: Object, enabled: true, status: success, fetchStatus: idle, count: 1} @ http://localhost:8788/app/hooks/tasks/use-tasks.ts:28
[ 2803310ms] [INFO] [cadence:tasks-query] state changed {filters: Object, enabled: true, status: success, fetchStatus: idle, count: 1} @ http://localhost:8788/app/hooks/tasks/use-tasks.ts:28
[ 2858959ms] [INFO] [cadence:tasks-query] state changed {filters: Object, enabled: true, status: success, fetchStatus: idle, count: 1} @ http://localhost:8788/app/hooks/tasks/use-tasks.ts:28
[ 2914641ms] [INFO] [cadence:tasks-query] state changed {filters: Object, enabled: true, status: success, fetchStatus: idle, count: 1} @ http://localhost:8788/app/hooks/tasks/use-tasks.ts:28
[ 2970268ms] [INFO] [cadence:tasks-query] state changed {filters: Object, enabled: true, status: success, fetchStatus: idle, count: 1} @ http://localhost:8788/app/hooks/tasks/use-tasks.ts:28
[ 3028047ms] [INFO] [cadence:tasks-query] state changed {filters: Object, enabled: true, status: success, fetchStatus: idle, count: 1} @ http://localhost:8788/app/hooks/tasks/use-tasks.ts:28
[ 3083621ms] [INFO] [cadence:tasks-query] state changed {filters: Object, enabled: true, status: success, fetchStatus: idle, count: 1} @ http://localhost:8788/app/hooks/tasks/use-tasks.ts:28
[ 3139287ms] [INFO] [cadence:tasks-query] state changed {filters: Object, enabled: true, status: success, fetchStatus: idle, count: 1} @ http://localhost:8788/app/hooks/tasks/use-tasks.ts:28
[ 3194911ms] [INFO] [cadence:tasks-query] state changed {filters: Object, enabled: true, status: success, fetchStatus: idle, count: 1} @ http://localhost:8788/app/hooks/tasks/use-tasks.ts:28
[ 3250545ms] [INFO] [cadence:tasks-query] state changed {filters: Object, enabled: true, status: success, fetchStatus: idle, count: 1} @ http://localhost:8788/app/hooks/tasks/use-tasks.ts:28
[ 3306143ms] [INFO] [cadence:tasks-query] state changed {filters: Object, enabled: true, status: success, fetchStatus: idle, count: 1} @ http://localhost:8788/app/hooks/tasks/use-tasks.ts:28
[ 3361798ms] [INFO] [cadence:tasks-query] state changed {filters: Object, enabled: true, status: success, fetchStatus: idle, count: 1} @ http://localhost:8788/app/hooks/tasks/use-tasks.ts:28
[ 3419585ms] [INFO] [cadence:tasks-query] state changed {filters: Object, enabled: true, status: success, fetchStatus: idle, count: 1} @ http://localhost:8788/app/hooks/tasks/use-tasks.ts:28
[ 3475207ms] [INFO] [cadence:tasks-query] state changed {filters: Object, enabled: true, status: success, fetchStatus: idle, count: 1} @ http://localhost:8788/app/hooks/tasks/use-tasks.ts:28
[ 3530785ms] [INFO] [cadence:tasks-query] state changed {filters: Object, enabled: true, status: success, fetchStatus: idle, count: 1} @ http://localhost:8788/app/hooks/tasks/use-tasks.ts:28
[ 3586393ms] [INFO] [cadence:tasks-query] state changed {filters: Object, enabled: true, status: success, fetchStatus: idle, count: 1} @ http://localhost:8788/app/hooks/tasks/use-tasks.ts:28
[ 3642015ms] [INFO] [cadence:tasks-query] state changed {filters: Object, enabled: true, status: success, fetchStatus: idle, count: 1} @ http://localhost:8788/app/hooks/tasks/use-tasks.ts:28
[ 3697553ms] [INFO] [cadence:tasks-query] state changed {filters: Object, enabled: true, status: success, fetchStatus: idle, count: 1} @ http://localhost:8788/app/hooks/tasks/use-tasks.ts:28
[ 3753174ms] [INFO] [cadence:tasks-query] state changed {filters: Object, enabled: true, status: success, fetchStatus: idle, count: 1} @ http://localhost:8788/app/hooks/tasks/use-tasks.ts:28
[ 3810955ms] [INFO] [cadence:tasks-query] state changed {filters: Object, enabled: true, status: success, fetchStatus: idle, count: 1} @ http://localhost:8788/app/hooks/tasks/use-tasks.ts:28
[ 3866434ms] [INFO] [cadence:tasks-query] state changed {filters: Object, enabled: true, status: success, fetchStatus: idle, count: 1} @ http://localhost:8788/app/hooks/tasks/use-tasks.ts:28
[ 3922052ms] [INFO] [cadence:tasks-query] state changed {filters: Object, enabled: true, status: success, fetchStatus: idle, count: 1} @ http://localhost:8788/app/hooks/tasks/use-tasks.ts:28
[ 3977593ms] [INFO] [cadence:tasks-query] state changed {filters: Object, enabled: true, status: success, fetchStatus: idle, count: 1} @ http://localhost:8788/app/hooks/tasks/use-tasks.ts:28
[ 4033103ms] [INFO] [cadence:tasks-query] state changed {filters: Object, enabled: true, status: success, fetchStatus: idle, count: 1} @ http://localhost:8788/app/hooks/tasks/use-tasks.ts:28
[ 4088693ms] [INFO] [cadence:tasks-query] state changed {filters: Object, enabled: true, status: success, fetchStatus: idle, count: 1} @ http://localhost:8788/app/hooks/tasks/use-tasks.ts:28
[ 4144134ms] [INFO] [cadence:tasks-query] state changed {filters: Object, enabled: true, status: success, fetchStatus: idle, count: 1} @ http://localhost:8788/app/hooks/tasks/use-tasks.ts:28
[ 4201865ms] [INFO] [cadence:tasks-query] state changed {filters: Object, enabled: true, status: success, fetchStatus: idle, count: 1} @ http://localhost:8788/app/hooks/tasks/use-tasks.ts:28
[ 4257482ms] [INFO] [cadence:tasks-query] state changed {filters: Object, enabled: true, status: success, fetchStatus: idle, count: 1} @ http://localhost:8788/app/hooks/tasks/use-tasks.ts:28
[ 4312993ms] [INFO] [cadence:tasks-query] state changed {filters: Object, enabled: true, status: success, fetchStatus: idle, count: 1} @ http://localhost:8788/app/hooks/tasks/use-tasks.ts:28
[ 4368523ms] [INFO] [cadence:tasks-query] state changed {filters: Object, enabled: true, status: success, fetchStatus: idle, count: 1} @ http://localhost:8788/app/hooks/tasks/use-tasks.ts:28
[ 4371179ms] [INFO] [cadence:tasks-query] state changed {filters: Object, enabled: true, status: success, fetchStatus: idle, count: 1} @ http://localhost:8788/app/hooks/tasks/use-tasks.ts:28
[ 4371179ms] [INFO] [cadence:tasks-query] state changed {filters: Object, enabled: true, status: success, fetchStatus: idle, count: 0} @ http://localhost:8788/app/hooks/tasks/use-tasks.ts:28
[ 4372334ms] [INFO] [cadence:tasks-query] state changed {filters: Object, enabled: true, status: success, fetchStatus: idle, count: 1} @ http://localhost:8788/app/hooks/tasks/use-tasks.ts:28
[ 4372334ms] [INFO] [cadence:tasks-query] state changed {filters: Object, enabled: true, status: success, fetchStatus: idle, count: 0} @ http://localhost:8788/app/hooks/tasks/use-tasks.ts:28
[ 4372562ms] [INFO] [cadence:tasks-query] state changed {filters: Object, enabled: true, status: success, fetchStatus: idle, count: 1} @ http://localhost:8788/app/hooks/tasks/use-tasks.ts:28
[ 4372564ms] [INFO] [cadence:tasks-query] state changed {filters: Object, enabled: true, status: success, fetchStatus: idle, count: 0} @ http://localhost:8788/app/hooks/tasks/use-tasks.ts:28
[ 4375514ms] [WARNING] The resource http://localhost:8788/app/app.css was preloaded using link preload but not used within a few seconds from the window's load event. Please make sure it has an appropriate `as` value and it is preloaded intentionally. @ http://localhost:8788/:0
[ 4377854ms] [INFO] [cadence:tasks-query] state changed {filters: Object, enabled: true, status: success, fetchStatus: idle, count: 1} @ http://localhost:8788/app/hooks/tasks/use-tasks.ts:28
[ 4377857ms] [INFO] [cadence:tasks-query] state changed {filters: Object, enabled: true, status: success, fetchStatus: idle, count: 0} @ http://localhost:8788/app/hooks/tasks/use-tasks.ts:28
[ 4380855ms] [INFO] [cadence:tasks-query] state changed {filters: Object, enabled: true, status: success, fetchStatus: idle, count: 1} @ http://localhost:8788/app/hooks/tasks/use-tasks.ts:28
[ 4380856ms] [INFO] [cadence:tasks-query] state changed {filters: Object, enabled: true, status: success, fetchStatus: idle, count: 0} @ http://localhost:8788/app/hooks/tasks/use-tasks.ts:28
[ 4383854ms] [WARNING] The resource http://localhost:8788/app/app.css was preloaded using link preload but not used within a few seconds from the window's load event. Please make sure it has an appropriate `as` value and it is preloaded intentionally. @ http://localhost:8788/:0
[ 4382375ms] [INFO] [cadence:tasks-query] state changed {filters: Object, enabled: true, status: success, fetchStatus: idle, count: 1} @ http://localhost:8788/app/hooks/tasks/use-tasks.ts:28
[ 4382376ms] [INFO] [cadence:tasks-query] state changed {filters: Object, enabled: true, status: success, fetchStatus: idle, count: 0} @ http://localhost:8788/app/hooks/tasks/use-tasks.ts:28
[ 4384706ms] [INFO] [cadence:tasks-query] state changed {filters: Object, enabled: true, status: success, fetchStatus: idle, count: 1} @ http://localhost:8788/app/hooks/tasks/use-tasks.ts:28
[ 4384707ms] [INFO] [cadence:tasks-query] state changed {filters: Object, enabled: true, status: success, fetchStatus: idle, count: 0} @ http://localhost:8788/app/hooks/tasks/use-tasks.ts:28
[ 4387658ms] [WARNING] The resource http://localhost:8788/app/app.css was preloaded using link preload but not used within a few seconds from the window's load event. Please make sure it has an appropriate `as` value and it is preloaded intentionally. @ http://localhost:8788/:0
[ 4388936ms] [INFO] [cadence:tasks-query] state changed {filters: Object, enabled: true, status: success, fetchStatus: idle, count: 1} @ http://localhost:8788/app/hooks/tasks/use-tasks.ts:28
[ 4388937ms] [INFO] [cadence:tasks-query] state changed {filters: Object, enabled: true, status: success, fetchStatus: idle, count: 0} @ http://localhost:8788/app/hooks/tasks/use-tasks.ts:28
[ 4389991ms] [INFO] [cadence:tasks-query] state changed {filters: Object, enabled: true, status: success, fetchStatus: idle, count: 1} @ http://localhost:8788/app/hooks/tasks/use-tasks.ts:28
[ 4389993ms] [INFO] [cadence:tasks-query] state changed {filters: Object, enabled: true, status: success, fetchStatus: idle, count: 0} @ http://localhost:8788/app/hooks/tasks/use-tasks.ts:28
[ 4394874ms] [WARNING] The resource http://localhost:8788/app/app.css was preloaded using link preload but not used within a few seconds from the window's load event. Please make sure it has an appropriate `as` value and it is preloaded intentionally. @ http://localhost:8788/:0
[ 4401140ms] [WARNING] The resource http://localhost:8788/app/app.css was preloaded using link preload but not used within a few seconds from the window's load event. Please make sure it has an appropriate `as` value and it is preloaded intentionally. @ http://localhost:8788/:0
[ 4407502ms] [WARNING] The resource http://localhost:8788/app/app.css was preloaded using link preload but not used within a few seconds from the window's load event. Please make sure it has an appropriate `as` value and it is preloaded intentionally. @ http://localhost:8788/:0
