[     779ms] [INFO] %cDownload the React DevTools for a better development experience: https://react.dev/link/react-devtools font-weight:bold @ http://localhost:8788/node_modules/.vite/deps/react-dom_client.js?v=32f5a6e4:15804
[    1325ms] [ERROR] Encountered a script tag while rendering React component. Scripts inside React components are never executed when rendering on the client. Consider using template tag instead (https://developer.mozilla.org/en-US/docs/Web/HTML/Element/template). @ http://localhost:8788/node_modules/.vite/deps/react-dom_client.js?v=32f5a6e4:6614
[    1477ms] [INFO] [cadence:tasks-query] state changed {filters: Object, enabled: false, status: pending, fetchStatus: idle, count: null} @ http://localhost:8788/app/hooks/tasks/use-tasks.ts:28
[    1481ms] [INFO] [cadence:tasks-query] state changed {filters: Object, enabled: false, status: pending, fetchStatus: idle, count: null} @ http://localhost:8788/app/hooks/tasks/use-tasks.ts:28
[    1482ms] [INFO] [cadence:tasks-query] state changed {filters: Object, enabled: false, status: pending, fetchStatus: idle, count: null} @ http://localhost:8788/app/hooks/tasks/use-tasks.ts:28
[    1482ms] [INFO] [cadence:tasks-query] state changed {filters: Object, enabled: false, status: pending, fetchStatus: idle, count: null} @ http://localhost:8788/app/hooks/tasks/use-tasks.ts:28
[    1483ms] [INFO] [cadence:tasks-query] state changed {filters: Object, enabled: false, status: pending, fetchStatus: idle, count: null} @ http://localhost:8788/app/hooks/tasks/use-tasks.ts:28
[    1487ms] [INFO] [cadence:tasks-query] state changed {filters: Object, enabled: false, status: pending, fetchStatus: idle, count: null} @ http://localhost:8788/app/hooks/tasks/use-tasks.ts:28
[    1488ms] [INFO] [cadence:tasks-query] state changed {filters: Object, enabled: false, status: pending, fetchStatus: idle, count: null} @ http://localhost:8788/app/hooks/tasks/use-tasks.ts:28
[    1489ms] [INFO] [cadence:tasks-query] state changed {filters: Object, enabled: false, status: pending, fetchStatus: idle, count: null} @ http://localhost:8788/app/hooks/tasks/use-tasks.ts:28
[    1489ms] [INFO] [cadence:tasks-query] state changed {filters: Object, enabled: false, status: pending, fetchStatus: idle, count: null} @ http://localhost:8788/app/hooks/tasks/use-tasks.ts:28
[    1489ms] [INFO] [cadence:tasks-query] state changed {filters: Object, enabled: false, status: pending, fetchStatus: idle, count: null} @ http://localhost:8788/app/hooks/tasks/use-tasks.ts:28
[    1555ms] [INFO] [cadence:tasks-query] state changed {filters: Object, enabled: false, status: pending, fetchStatus: idle, count: null} @ http://localhost:8788/app/hooks/tasks/use-tasks.ts:28
[    1556ms] [INFO] [cadence:tasks-query] state changed {filters: Object, enabled: false, status: pending, fetchStatus: idle, count: null} @ http://localhost:8788/app/hooks/tasks/use-tasks.ts:28
[    1556ms] [INFO] [cadence:tasks-query] state changed {filters: Object, enabled: false, status: pending, fetchStatus: idle, count: null} @ http://localhost:8788/app/hooks/tasks/use-tasks.ts:28
[    1557ms] [INFO] [cadence:tasks-query] state changed {filters: Object, enabled: false, status: pending, fetchStatus: idle, count: null} @ http://localhost:8788/app/hooks/tasks/use-tasks.ts:28
[    1558ms] [INFO] [cadence:tasks-query] state changed {filters: Object, enabled: false, status: pending, fetchStatus: idle, count: null} @ http://localhost:8788/app/hooks/tasks/use-tasks.ts:28
[    1611ms] [INFO] [cadence:tasks-query] state changed {filters: Object, enabled: false, status: pending, fetchStatus: idle, count: null} @ http://localhost:8788/app/hooks/tasks/use-tasks.ts:28
[    1612ms] [INFO] [cadence:tasks-query] state changed {filters: Object, enabled: false, status: pending, fetchStatus: idle, count: null} @ http://localhost:8788/app/hooks/tasks/use-tasks.ts:28
[    1613ms] [INFO] [cadence:tasks-query] state changed {filters: Object, enabled: false, status: pending, fetchStatus: idle, count: null} @ http://localhost:8788/app/hooks/tasks/use-tasks.ts:28
[    1613ms] [INFO] [cadence:tasks-query] state changed {filters: Object, enabled: false, status: pending, fetchStatus: idle, count: null} @ http://localhost:8788/app/hooks/tasks/use-tasks.ts:28
[    1614ms] [INFO] [cadence:tasks-query] state changed {filters: Object, enabled: false, status: pending, fetchStatus: idle, count: null} @ http://localhost:8788/app/hooks/tasks/use-tasks.ts:28
[    1708ms] [INFO] [cadence:tasks-query] state changed {filters: Object, enabled: false, status: pending, fetchStatus: idle, count: null} @ http://localhost:8788/app/hooks/tasks/use-tasks.ts:28
[    1708ms] [INFO] [cadence:tasks-query] state changed {filters: Object, enabled: false, status: pending, fetchStatus: idle, count: null} @ http://localhost:8788/app/hooks/tasks/use-tasks.ts:28
[    1709ms] [INFO] [cadence:tasks-query] state changed {filters: Object, enabled: false, status: pending, fetchStatus: idle, count: null} @ http://localhost:8788/app/hooks/tasks/use-tasks.ts:28
[    1709ms] [INFO] [cadence:tasks-query] state changed {filters: Object, enabled: false, status: pending, fetchStatus: idle, count: null} @ http://localhost:8788/app/hooks/tasks/use-tasks.ts:28
[    1709ms] [INFO] [cadence:tasks-query] state changed {filters: Object, enabled: false, status: pending, fetchStatus: idle, count: null} @ http://localhost:8788/app/hooks/tasks/use-tasks.ts:28
[    1763ms] [INFO] [cadence:tasks-query] state changed {filters: Object, enabled: false, status: pending, fetchStatus: idle, count: null} @ http://localhost:8788/app/hooks/tasks/use-tasks.ts:28
[    1764ms] [INFO] [cadence:tasks-query] state changed {filters: Object, enabled: false, status: pending, fetchStatus: idle, count: null} @ http://localhost:8788/app/hooks/tasks/use-tasks.ts:28
[    1764ms] [INFO] [cadence:tasks-query] state changed {filters: Object, enabled: false, status: pending, fetchStatus: idle, count: null} @ http://localhost:8788/app/hooks/tasks/use-tasks.ts:28
[    1765ms] [INFO] [cadence:tasks-query] state changed {filters: Object, enabled: false, status: pending, fetchStatus: idle, count: null} @ http://localhost:8788/app/hooks/tasks/use-tasks.ts:28
[    1765ms] [INFO] [cadence:tasks-query] state changed {filters: Object, enabled: false, status: pending, fetchStatus: idle, count: null} @ http://localhost:8788/app/hooks/tasks/use-tasks.ts:28
[    1794ms] [INFO] [cadence:tasks-query] state changed {filters: Object, enabled: false, status: pending, fetchStatus: idle, count: null} @ http://localhost:8788/app/hooks/tasks/use-tasks.ts:28
[    1795ms] [INFO] [cadence:tasks-query] state changed {filters: Object, enabled: false, status: pending, fetchStatus: idle, count: null} @ http://localhost:8788/app/hooks/tasks/use-tasks.ts:28
[    1795ms] [INFO] [cadence:tasks-query] state changed {filters: Object, enabled: false, status: pending, fetchStatus: idle, count: null} @ http://localhost:8788/app/hooks/tasks/use-tasks.ts:28
[    1796ms] [INFO] [cadence:tasks-query] state changed {filters: Object, enabled: false, status: pending, fetchStatus: idle, count: null} @ http://localhost:8788/app/hooks/tasks/use-tasks.ts:28
[    1796ms] [INFO] [cadence:tasks-query] state changed {filters: Object, enabled: false, status: pending, fetchStatus: idle, count: null} @ http://localhost:8788/app/hooks/tasks/use-tasks.ts:28
[    1845ms] [INFO] [cadence:tasks-query] state changed {filters: Object, enabled: true, status: pending, fetchStatus: idle, count: null} @ http://localhost:8788/app/hooks/tasks/use-tasks.ts:28
[    1865ms] [INFO] [cadence:tasks-query] state changed {filters: Object, enabled: true, status: pending, fetchStatus: idle, count: null} @ http://localhost:8788/app/hooks/tasks/use-tasks.ts:28
[    1866ms] [INFO] [cadence:tasks-query] state changed {filters: Object, enabled: false, status: pending, fetchStatus: idle, count: null} @ http://localhost:8788/app/hooks/tasks/use-tasks.ts:28
[    1866ms] [INFO] [cadence:tasks-query] state changed {filters: Object, enabled: false, status: pending, fetchStatus: idle, count: null} @ http://localhost:8788/app/hooks/tasks/use-tasks.ts:28
[    1866ms] [INFO] [cadence:tasks-query] state changed {filters: Object, enabled: true, status: pending, fetchStatus: idle, count: null} @ http://localhost:8788/app/hooks/tasks/use-tasks.ts:28
[    1867ms] [INFO] [cadence:tasks-query] state changed {filters: Object, enabled: false, status: pending, fetchStatus: idle, count: null} @ http://localhost:8788/app/hooks/tasks/use-tasks.ts:28
[    1870ms] [INFO] [cadence:tasks-query] state changed {filters: Object, enabled: true, status: pending, fetchStatus: idle, count: null} @ http://localhost:8788/app/hooks/tasks/use-tasks.ts:28
[    1937ms] [INFO] [cadence:tasks-query] state changed {filters: Object, enabled: true, status: pending, fetchStatus: fetching, count: null} @ http://localhost:8788/app/hooks/tasks/use-tasks.ts:28
[    1941ms] [INFO] [cadence:tasks-query] state changed {filters: Object, enabled: true, status: pending, fetchStatus: fetching, count: null} @ http://localhost:8788/app/hooks/tasks/use-tasks.ts:28
[    1942ms] [INFO] [cadence:tasks-query] state changed {filters: Object, enabled: false, status: pending, fetchStatus: idle, count: null} @ http://localhost:8788/app/hooks/tasks/use-tasks.ts:28
[    1942ms] [INFO] [cadence:tasks-query] state changed {filters: Object, enabled: false, status: pending, fetchStatus: idle, count: null} @ http://localhost:8788/app/hooks/tasks/use-tasks.ts:28
[    1943ms] [INFO] [cadence:tasks-query] state changed {filters: Object, enabled: true, status: pending, fetchStatus: fetching, count: null} @ http://localhost:8788/app/hooks/tasks/use-tasks.ts:28
[    1943ms] [INFO] [cadence:tasks-query] state changed {filters: Object, enabled: false, status: pending, fetchStatus: idle, count: null} @ http://localhost:8788/app/hooks/tasks/use-tasks.ts:28
[    1961ms] [INFO] [cadence:tasks-query] state changed {filters: Object, enabled: true, status: pending, fetchStatus: fetching, count: null} @ http://localhost:8788/app/hooks/tasks/use-tasks.ts:28
[    1963ms] [INFO] [cadence:tasks-query] state changed {filters: Object, enabled: true, status: pending, fetchStatus: fetching, count: null} @ http://localhost:8788/app/hooks/tasks/use-tasks.ts:28
[    1963ms] [INFO] [cadence:tasks-query] state changed {filters: Object, enabled: false, status: pending, fetchStatus: idle, count: null} @ http://localhost:8788/app/hooks/tasks/use-tasks.ts:28
[    1963ms] [INFO] [cadence:tasks-query] state changed {filters: Object, enabled: false, status: pending, fetchStatus: idle, count: null} @ http://localhost:8788/app/hooks/tasks/use-tasks.ts:28
[    1964ms] [INFO] [cadence:tasks-query] state changed {filters: Object, enabled: true, status: pending, fetchStatus: fetching, count: null} @ http://localhost:8788/app/hooks/tasks/use-tasks.ts:28
[    1964ms] [INFO] [cadence:tasks-query] state changed {filters: Object, enabled: false, status: pending, fetchStatus: idle, count: null} @ http://localhost:8788/app/hooks/tasks/use-tasks.ts:28
[    2143ms] [INFO] [cadence:tasks-query] state changed {filters: Object, enabled: false, status: pending, fetchStatus: fetching, count: null} @ http://localhost:8788/app/hooks/tasks/use-tasks.ts:28
[    2144ms] [INFO] [cadence:inbox-query] state changed {enabled: true, status: pending, fetchStatus: fetching, count: null, error: null} @ http://localhost:8788/app/hooks/inbox/use-inbox.ts:21
[    2145ms] [INFO] [cadence:tasks-query] state changed {filters: Object, enabled: false, status: pending, fetchStatus: fetching, count: null} @ http://localhost:8788/app/hooks/tasks/use-tasks.ts:28
[    2145ms] [INFO] [cadence:inbox-query] state changed {enabled: true, status: pending, fetchStatus: fetching, count: null, error: null} @ http://localhost:8788/app/hooks/inbox/use-inbox.ts:21
[    2146ms] [INFO] [cadence:tasks-query] state changed {filters: Object, enabled: false, status: pending, fetchStatus: fetching, count: null} @ http://localhost:8788/app/hooks/tasks/use-tasks.ts:28
[    2146ms] [INFO] [cadence:inbox-query] state changed {enabled: true, status: pending, fetchStatus: fetching, count: null, error: null} @ http://localhost:8788/app/hooks/inbox/use-inbox.ts:21
[    2147ms] [INFO] [cadence:tasks-query] state changed {filters: Object, enabled: false, status: pending, fetchStatus: fetching, count: null} @ http://localhost:8788/app/hooks/tasks/use-tasks.ts:28
[    2147ms] [INFO] [cadence:inbox-query] state changed {enabled: true, status: pending, fetchStatus: fetching, count: null, error: null} @ http://localhost:8788/app/hooks/inbox/use-inbox.ts:21
[    2369ms] [INFO] [cadence:tasks-query] state changed {filters: Object, enabled: true, status: pending, fetchStatus: fetching, count: null} @ http://localhost:8788/app/hooks/tasks/use-tasks.ts:28
[    2785ms] [INFO] [cadence:tasks-query] state changed {filters: Object, enabled: true, status: success, fetchStatus: idle, count: 4} @ http://localhost:8788/app/hooks/tasks/use-tasks.ts:28
[    2786ms] [INFO] [cadence:tasks-query] state changed {filters: Object, enabled: false, status: success, fetchStatus: idle, count: 4} @ http://localhost:8788/app/hooks/tasks/use-tasks.ts:28
[    2787ms] [INFO] [cadence:tasks-query] state changed {filters: Object, enabled: false, status: success, fetchStatus: idle, count: 4} @ http://localhost:8788/app/hooks/tasks/use-tasks.ts:28
[    2788ms] [INFO] [cadence:tasks-query] state changed {filters: Object, enabled: true, status: success, fetchStatus: idle, count: 4} @ http://localhost:8788/app/hooks/tasks/use-tasks.ts:28
[    2832ms] [INFO] [cadence:tasks-query] state changed {filters: Object, enabled: true, status: success, fetchStatus: idle, count: 4} @ http://localhost:8788/app/hooks/tasks/use-tasks.ts:28
[    2872ms] [INFO] [cadence:tasks-query] state changed {filters: Object, enabled: true, status: success, fetchStatus: idle, count: 4} @ http://localhost:8788/app/hooks/tasks/use-tasks.ts:28
[    2874ms] [INFO] [cadence:tasks-query] state changed {filters: Object, enabled: false, status: success, fetchStatus: idle, count: 4} @ http://localhost:8788/app/hooks/tasks/use-tasks.ts:28
[    2874ms] [INFO] [cadence:tasks-query] state changed {filters: Object, enabled: false, status: success, fetchStatus: idle, count: 4} @ http://localhost:8788/app/hooks/tasks/use-tasks.ts:28
[    2875ms] [INFO] [cadence:tasks-query] state changed {filters: Object, enabled: true, status: success, fetchStatus: idle, count: 4} @ http://localhost:8788/app/hooks/tasks/use-tasks.ts:28
[    2941ms] [INFO] [cadence:tasks-query] state changed {filters: Object, enabled: true, status: success, fetchStatus: idle, count: 4} @ http://localhost:8788/app/hooks/tasks/use-tasks.ts:28
[    2942ms] [INFO] [cadence:tasks-query] state changed {filters: Object, enabled: false, status: success, fetchStatus: idle, count: 4} @ http://localhost:8788/app/hooks/tasks/use-tasks.ts:28
[    2943ms] [INFO] [cadence:tasks-query] state changed {filters: Object, enabled: false, status: success, fetchStatus: idle, count: 4} @ http://localhost:8788/app/hooks/tasks/use-tasks.ts:28
[    2945ms] [INFO] [cadence:tasks-query] state changed {filters: Object, enabled: true, status: success, fetchStatus: idle, count: 4} @ http://localhost:8788/app/hooks/tasks/use-tasks.ts:28
[    3029ms] [INFO] [cadence:tasks-query] state changed {filters: Object, enabled: true, status: success, fetchStatus: idle, count: 4} @ http://localhost:8788/app/hooks/tasks/use-tasks.ts:28
[    3030ms] [INFO] [cadence:tasks-query] state changed {filters: Object, enabled: false, status: success, fetchStatus: idle, count: 4} @ http://localhost:8788/app/hooks/tasks/use-tasks.ts:28
[    3031ms] [INFO] [cadence:tasks-query] state changed {filters: Object, enabled: false, status: success, fetchStatus: idle, count: 4} @ http://localhost:8788/app/hooks/tasks/use-tasks.ts:28
[    3032ms] [INFO] [cadence:tasks-query] state changed {filters: Object, enabled: true, status: success, fetchStatus: idle, count: 4} @ http://localhost:8788/app/hooks/tasks/use-tasks.ts:28
[    3037ms] [INFO] [cadence:tasks-query] state changed {filters: Object, enabled: false, status: success, fetchStatus: idle, count: 4} @ http://localhost:8788/app/hooks/tasks/use-tasks.ts:28
[    3037ms] [INFO] [cadence:tasks-query] state changed {filters: Object, enabled: false, status: success, fetchStatus: idle, count: 4} @ http://localhost:8788/app/hooks/tasks/use-tasks.ts:28
[    3423ms] [INFO] [cadence:tasks-query] state changed {filters: Object, enabled: true, status: success, fetchStatus: idle, count: 4} @ http://localhost:8788/app/hooks/tasks/use-tasks.ts:28
[    3424ms] [INFO] [cadence:tasks-query] state changed {filters: Object, enabled: false, status: success, fetchStatus: idle, count: 4} @ http://localhost:8788/app/hooks/tasks/use-tasks.ts:28
[    3425ms] [INFO] [cadence:tasks-query] state changed {filters: Object, enabled: false, status: success, fetchStatus: idle, count: 4} @ http://localhost:8788/app/hooks/tasks/use-tasks.ts:28
[    3427ms] [INFO] [cadence:tasks-query] state changed {filters: Object, enabled: true, status: success, fetchStatus: idle, count: 4} @ http://localhost:8788/app/hooks/tasks/use-tasks.ts:28
[    3428ms] [INFO] [cadence:tasks-query] state changed {filters: Object, enabled: false, status: pending, fetchStatus: idle, count: null} @ http://localhost:8788/app/hooks/tasks/use-tasks.ts:28
[    3428ms] [INFO] [cadence:tasks-query] state changed {filters: Object, enabled: false, status: pending, fetchStatus: idle, count: null} @ http://localhost:8788/app/hooks/tasks/use-tasks.ts:28
[    3429ms] [INFO] [cadence:tasks-query] state changed {filters: Object, enabled: true, status: pending, fetchStatus: fetching, count: null} @ http://localhost:8788/app/hooks/tasks/use-tasks.ts:28
[    3429ms] [INFO] [cadence:tasks-query] state changed {filters: Object, enabled: false, status: pending, fetchStatus: idle, count: null} @ http://localhost:8788/app/hooks/tasks/use-tasks.ts:28
[    3436ms] [INFO] [cadence:tasks-query] state changed {filters: Object, enabled: false, status: success, fetchStatus: idle, count: 4} @ http://localhost:8788/app/hooks/tasks/use-tasks.ts:28
[    3437ms] [INFO] [cadence:tasks-query] state changed {filters: Object, enabled: false, status: success, fetchStatus: idle, count: 4} @ http://localhost:8788/app/hooks/tasks/use-tasks.ts:28
[    3524ms] [INFO] [cadence:tasks-query] state changed {filters: Object, enabled: true, status: success, fetchStatus: idle, count: 4} @ http://localhost:8788/app/hooks/tasks/use-tasks.ts:28
[    3525ms] [INFO] [cadence:tasks-query] state changed {filters: Object, enabled: false, status: success, fetchStatus: idle, count: 4} @ http://localhost:8788/app/hooks/tasks/use-tasks.ts:28
[    3526ms] [INFO] [cadence:tasks-query] state changed {filters: Object, enabled: false, status: success, fetchStatus: idle, count: 4} @ http://localhost:8788/app/hooks/tasks/use-tasks.ts:28
[    3527ms] [INFO] [cadence:tasks-query] state changed {filters: Object, enabled: true, status: success, fetchStatus: idle, count: 4} @ http://localhost:8788/app/hooks/tasks/use-tasks.ts:28
[    3527ms] [INFO] [cadence:tasks-query] state changed {filters: Object, enabled: false, status: pending, fetchStatus: idle, count: null} @ http://localhost:8788/app/hooks/tasks/use-tasks.ts:28
[    3527ms] [INFO] [cadence:tasks-query] state changed {filters: Object, enabled: false, status: pending, fetchStatus: idle, count: null} @ http://localhost:8788/app/hooks/tasks/use-tasks.ts:28
[    3528ms] [INFO] [cadence:tasks-query] state changed {filters: Object, enabled: true, status: success, fetchStatus: idle, count: 2} @ http://localhost:8788/app/hooks/tasks/use-tasks.ts:28
[    3528ms] [INFO] [cadence:tasks-query] state changed {filters: Object, enabled: false, status: pending, fetchStatus: idle, count: null} @ http://localhost:8788/app/hooks/tasks/use-tasks.ts:28
[    3609ms] [INFO] [cadence:tasks-query] state changed {filters: Object, enabled: true, status: success, fetchStatus: idle, count: 4} @ http://localhost:8788/app/hooks/tasks/use-tasks.ts:28
[    3611ms] [INFO] [cadence:tasks-query] state changed {filters: Object, enabled: false, status: success, fetchStatus: idle, count: 4} @ http://localhost:8788/app/hooks/tasks/use-tasks.ts:28
[    3612ms] [INFO] [cadence:tasks-query] state changed {filters: Object, enabled: false, status: success, fetchStatus: idle, count: 4} @ http://localhost:8788/app/hooks/tasks/use-tasks.ts:28
[    3613ms] [INFO] [cadence:tasks-query] state changed {filters: Object, enabled: true, status: success, fetchStatus: idle, count: 4} @ http://localhost:8788/app/hooks/tasks/use-tasks.ts:28
[    3614ms] [INFO] [cadence:tasks-query] state changed {filters: Object, enabled: false, status: pending, fetchStatus: idle, count: null} @ http://localhost:8788/app/hooks/tasks/use-tasks.ts:28
[    3615ms] [INFO] [cadence:tasks-query] state changed {filters: Object, enabled: false, status: pending, fetchStatus: idle, count: null} @ http://localhost:8788/app/hooks/tasks/use-tasks.ts:28
[    3616ms] [INFO] [cadence:tasks-query] state changed {filters: Object, enabled: true, status: success, fetchStatus: idle, count: 2} @ http://localhost:8788/app/hooks/tasks/use-tasks.ts:28
[    3617ms] [INFO] [cadence:tasks-query] state changed {filters: Object, enabled: false, status: pending, fetchStatus: idle, count: null} @ http://localhost:8788/app/hooks/tasks/use-tasks.ts:28
[    3677ms] [INFO] [cadence:tasks-query] state changed {filters: Object, enabled: true, status: success, fetchStatus: idle, count: 4} @ http://localhost:8788/app/hooks/tasks/use-tasks.ts:28
[    3680ms] [INFO] [cadence:tasks-query] state changed {filters: Object, enabled: false, status: success, fetchStatus: idle, count: 4} @ http://localhost:8788/app/hooks/tasks/use-tasks.ts:28
[    3681ms] [INFO] [cadence:tasks-query] state changed {filters: Object, enabled: false, status: success, fetchStatus: idle, count: 4} @ http://localhost:8788/app/hooks/tasks/use-tasks.ts:28
[    3682ms] [INFO] [cadence:tasks-query] state changed {filters: Object, enabled: true, status: success, fetchStatus: idle, count: 4} @ http://localhost:8788/app/hooks/tasks/use-tasks.ts:28
[    3683ms] [INFO] [cadence:tasks-query] state changed {filters: Object, enabled: false, status: pending, fetchStatus: idle, count: null} @ http://localhost:8788/app/hooks/tasks/use-tasks.ts:28
[    3683ms] [INFO] [cadence:tasks-query] state changed {filters: Object, enabled: false, status: pending, fetchStatus: idle, count: null} @ http://localhost:8788/app/hooks/tasks/use-tasks.ts:28
[    3684ms] [INFO] [cadence:tasks-query] state changed {filters: Object, enabled: true, status: success, fetchStatus: idle, count: 2} @ http://localhost:8788/app/hooks/tasks/use-tasks.ts:28
[    3684ms] [INFO] [cadence:tasks-query] state changed {filters: Object, enabled: false, status: pending, fetchStatus: idle, count: null} @ http://localhost:8788/app/hooks/tasks/use-tasks.ts:28
[    3896ms] [INFO] [cadence:tasks-query] state changed {filters: Object, enabled: false, status: success, fetchStatus: idle, count: 4} @ http://localhost:8788/app/hooks/tasks/use-tasks.ts:28
[    3896ms] [INFO] [cadence:inbox-query] state changed {enabled: true, status: success, fetchStatus: idle, count: 3, error: null} @ http://localhost:8788/app/hooks/inbox/use-inbox.ts:21
[    3897ms] [INFO] [cadence:tasks-query] state changed {filters: Object, enabled: false, status: success, fetchStatus: idle, count: 4} @ http://localhost:8788/app/hooks/tasks/use-tasks.ts:28
[    3897ms] [INFO] [cadence:inbox-query] state changed {enabled: true, status: success, fetchStatus: idle, count: 3, error: null} @ http://localhost:8788/app/hooks/inbox/use-inbox.ts:21
[    3919ms] [INFO] [cadence:tasks-query] state changed {filters: Object, enabled: false, status: success, fetchStatus: idle, count: 4} @ http://localhost:8788/app/hooks/tasks/use-tasks.ts:28
[    3920ms] [INFO] [cadence:tasks-query] state changed {filters: Object, enabled: false, status: success, fetchStatus: idle, count: 4} @ http://localhost:8788/app/hooks/tasks/use-tasks.ts:28
[    4552ms] [INFO] [cadence:tasks-query] state changed {filters: Object, enabled: false, status: success, fetchStatus: idle, count: 4} @ http://localhost:8788/app/hooks/tasks/use-tasks.ts:28
[    4554ms] [INFO] [cadence:tasks-query] state changed {filters: Object, enabled: false, status: success, fetchStatus: idle, count: 4} @ http://localhost:8788/app/hooks/tasks/use-tasks.ts:28
[   57146ms] [INFO] [cadence:tasks-query] state changed {filters: Object, enabled: true, status: success, fetchStatus: idle, count: 4} @ http://localhost:8788/app/hooks/tasks/use-tasks.ts:28
[   57150ms] [INFO] [cadence:tasks-query] state changed {filters: Object, enabled: false, status: success, fetchStatus: idle, count: 4} @ http://localhost:8788/app/hooks/tasks/use-tasks.ts:28
[   57152ms] [INFO] [cadence:tasks-query] state changed {filters: Object, enabled: false, status: success, fetchStatus: idle, count: 4} @ http://localhost:8788/app/hooks/tasks/use-tasks.ts:28
[   57153ms] [INFO] [cadence:tasks-query] state changed {filters: Object, enabled: true, status: success, fetchStatus: idle, count: 4} @ http://localhost:8788/app/hooks/tasks/use-tasks.ts:28
[   57155ms] [INFO] [cadence:tasks-query] state changed {filters: Object, enabled: false, status: pending, fetchStatus: idle, count: null} @ http://localhost:8788/app/hooks/tasks/use-tasks.ts:28
[   57155ms] [INFO] [cadence:tasks-query] state changed {filters: Object, enabled: false, status: pending, fetchStatus: idle, count: null} @ http://localhost:8788/app/hooks/tasks/use-tasks.ts:28
[   57156ms] [INFO] [cadence:tasks-query] state changed {filters: Object, enabled: true, status: pending, fetchStatus: fetching, count: null} @ http://localhost:8788/app/hooks/tasks/use-tasks.ts:28
[   57157ms] [INFO] [cadence:tasks-query] state changed {filters: Object, enabled: false, status: pending, fetchStatus: idle, count: null} @ http://localhost:8788/app/hooks/tasks/use-tasks.ts:28
[   57293ms] [INFO] [cadence:tasks-query] state changed {filters: Object, enabled: true, status: success, fetchStatus: fetching, count: 4} @ http://localhost:8788/app/hooks/tasks/use-tasks.ts:28
[   57295ms] [INFO] [cadence:tasks-query] state changed {filters: Object, enabled: false, status: success, fetchStatus: fetching, count: 4} @ http://localhost:8788/app/hooks/tasks/use-tasks.ts:28
[   57296ms] [INFO] [cadence:inbox-query] state changed {enabled: true, status: success, fetchStatus: fetching, count: 3, error: null} @ http://localhost:8788/app/hooks/inbox/use-inbox.ts:21
[   57297ms] [INFO] [cadence:tasks-query] state changed {filters: Object, enabled: false, status: success, fetchStatus: fetching, count: 4} @ http://localhost:8788/app/hooks/tasks/use-tasks.ts:28
[   57298ms] [INFO] [cadence:inbox-query] state changed {enabled: true, status: success, fetchStatus: fetching, count: 3, error: null} @ http://localhost:8788/app/hooks/inbox/use-inbox.ts:21
[   57299ms] [INFO] [cadence:tasks-query] state changed {filters: Object, enabled: true, status: success, fetchStatus: fetching, count: 4} @ http://localhost:8788/app/hooks/tasks/use-tasks.ts:28
[   57301ms] [INFO] [cadence:tasks-query] state changed {filters: Object, enabled: false, status: pending, fetchStatus: idle, count: null} @ http://localhost:8788/app/hooks/tasks/use-tasks.ts:28
[   57303ms] [INFO] [cadence:tasks-query] state changed {filters: Object, enabled: false, status: pending, fetchStatus: idle, count: null} @ http://localhost:8788/app/hooks/tasks/use-tasks.ts:28
[   57304ms] [INFO] [cadence:tasks-query] state changed {filters: Object, enabled: true, status: pending, fetchStatus: fetching, count: null} @ http://localhost:8788/app/hooks/tasks/use-tasks.ts:28
[   57305ms] [INFO] [cadence:tasks-query] state changed {filters: Object, enabled: false, status: pending, fetchStatus: idle, count: null} @ http://localhost:8788/app/hooks/tasks/use-tasks.ts:28
[   57700ms] [INFO] [cadence:tasks-query] state changed {filters: Object, enabled: true, status: success, fetchStatus: fetching, count: 4} @ http://localhost:8788/app/hooks/tasks/use-tasks.ts:28
[   57703ms] [INFO] [cadence:tasks-query] state changed {filters: Object, enabled: false, status: success, fetchStatus: fetching, count: 4} @ http://localhost:8788/app/hooks/tasks/use-tasks.ts:28
[   57704ms] [INFO] [cadence:tasks-query] state changed {filters: Object, enabled: false, status: success, fetchStatus: fetching, count: 4} @ http://localhost:8788/app/hooks/tasks/use-tasks.ts:28
[   57705ms] [INFO] [cadence:tasks-query] state changed {filters: Object, enabled: true, status: success, fetchStatus: fetching, count: 4} @ http://localhost:8788/app/hooks/tasks/use-tasks.ts:28
[   57706ms] [INFO] [cadence:tasks-query] state changed {filters: Object, enabled: false, status: pending, fetchStatus: idle, count: null} @ http://localhost:8788/app/hooks/tasks/use-tasks.ts:28
[   57707ms] [INFO] [cadence:tasks-query] state changed {filters: Object, enabled: false, status: pending, fetchStatus: idle, count: null} @ http://localhost:8788/app/hooks/tasks/use-tasks.ts:28
[   57708ms] [INFO] [cadence:tasks-query] state changed {filters: Object, enabled: true, status: pending, fetchStatus: fetching, count: null} @ http://localhost:8788/app/hooks/tasks/use-tasks.ts:28
[   57709ms] [INFO] [cadence:tasks-query] state changed {filters: Object, enabled: false, status: pending, fetchStatus: idle, count: null} @ http://localhost:8788/app/hooks/tasks/use-tasks.ts:28
[   57804ms] [INFO] [cadence:tasks-query] state changed {filters: Object, enabled: true, status: success, fetchStatus: fetching, count: 4} @ http://localhost:8788/app/hooks/tasks/use-tasks.ts:28
[   57807ms] [INFO] [cadence:tasks-query] state changed {filters: Object, enabled: false, status: success, fetchStatus: fetching, count: 4} @ http://localhost:8788/app/hooks/tasks/use-tasks.ts:28
[   57808ms] [INFO] [cadence:tasks-query] state changed {filters: Object, enabled: false, status: success, fetchStatus: fetching, count: 4} @ http://localhost:8788/app/hooks/tasks/use-tasks.ts:28
[   57810ms] [INFO] [cadence:tasks-query] state changed {filters: Object, enabled: true, status: success, fetchStatus: fetching, count: 4} @ http://localhost:8788/app/hooks/tasks/use-tasks.ts:28
[   57811ms] [INFO] [cadence:tasks-query] state changed {filters: Object, enabled: false, status: pending, fetchStatus: idle, count: null} @ http://localhost:8788/app/hooks/tasks/use-tasks.ts:28
[   57812ms] [INFO] [cadence:tasks-query] state changed {filters: Object, enabled: false, status: pending, fetchStatus: idle, count: null} @ http://localhost:8788/app/hooks/tasks/use-tasks.ts:28
[   57813ms] [INFO] [cadence:tasks-query] state changed {filters: Object, enabled: true, status: pending, fetchStatus: fetching, count: null} @ http://localhost:8788/app/hooks/tasks/use-tasks.ts:28
[   57814ms] [INFO] [cadence:tasks-query] state changed {filters: Object, enabled: false, status: pending, fetchStatus: idle, count: null} @ http://localhost:8788/app/hooks/tasks/use-tasks.ts:28
[   58451ms] [INFO] [cadence:tasks-query] state changed {filters: Object, enabled: true, status: success, fetchStatus: idle, count: 4} @ http://localhost:8788/app/hooks/tasks/use-tasks.ts:28
[   58453ms] [INFO] [cadence:tasks-query] state changed {filters: Object, enabled: false, status: success, fetchStatus: idle, count: 4} @ http://localhost:8788/app/hooks/tasks/use-tasks.ts:28
[   58454ms] [INFO] [cadence:tasks-query] state changed {filters: Object, enabled: false, status: success, fetchStatus: idle, count: 4} @ http://localhost:8788/app/hooks/tasks/use-tasks.ts:28
[   58455ms] [INFO] [cadence:tasks-query] state changed {filters: Object, enabled: true, status: success, fetchStatus: idle, count: 4} @ http://localhost:8788/app/hooks/tasks/use-tasks.ts:28
[   58465ms] [INFO] [cadence:tasks-query] state changed {filters: Object, enabled: false, status: success, fetchStatus: idle, count: 4} @ http://localhost:8788/app/hooks/tasks/use-tasks.ts:28
[   58466ms] [INFO] [cadence:inbox-query] state changed {enabled: true, status: success, fetchStatus: idle, count: 3, error: null} @ http://localhost:8788/app/hooks/inbox/use-inbox.ts:21
[   58466ms] [INFO] [cadence:tasks-query] state changed {filters: Object, enabled: false, status: success, fetchStatus: idle, count: 4} @ http://localhost:8788/app/hooks/tasks/use-tasks.ts:28
[   58467ms] [INFO] [cadence:inbox-query] state changed {enabled: true, status: success, fetchStatus: idle, count: 3, error: null} @ http://localhost:8788/app/hooks/inbox/use-inbox.ts:21
[   58904ms] [INFO] [cadence:tasks-query] state changed {filters: Object, enabled: true, status: success, fetchStatus: idle, count: 4} @ http://localhost:8788/app/hooks/tasks/use-tasks.ts:28
[   58906ms] [INFO] [cadence:tasks-query] state changed {filters: Object, enabled: false, status: success, fetchStatus: idle, count: 4} @ http://localhost:8788/app/hooks/tasks/use-tasks.ts:28
[   58907ms] [INFO] [cadence:tasks-query] state changed {filters: Object, enabled: false, status: success, fetchStatus: idle, count: 4} @ http://localhost:8788/app/hooks/tasks/use-tasks.ts:28
[   58908ms] [INFO] [cadence:tasks-query] state changed {filters: Object, enabled: true, status: success, fetchStatus: idle, count: 4} @ http://localhost:8788/app/hooks/tasks/use-tasks.ts:28
[   58909ms] [INFO] [cadence:tasks-query] state changed {filters: Object, enabled: false, status: pending, fetchStatus: idle, count: null} @ http://localhost:8788/app/hooks/tasks/use-tasks.ts:28
[   58910ms] [INFO] [cadence:tasks-query] state changed {filters: Object, enabled: false, status: pending, fetchStatus: idle, count: null} @ http://localhost:8788/app/hooks/tasks/use-tasks.ts:28
[   58911ms] [INFO] [cadence:tasks-query] state changed {filters: Object, enabled: true, status: success, fetchStatus: idle, count: 2} @ http://localhost:8788/app/hooks/tasks/use-tasks.ts:28
[   58911ms] [INFO] [cadence:tasks-query] state changed {filters: Object, enabled: false, status: pending, fetchStatus: idle, count: null} @ http://localhost:8788/app/hooks/tasks/use-tasks.ts:28
[   59052ms] [INFO] [cadence:tasks-query] state changed {filters: Object, enabled: true, status: success, fetchStatus: idle, count: 4} @ http://localhost:8788/app/hooks/tasks/use-tasks.ts:28
[   59054ms] [INFO] [cadence:tasks-query] state changed {filters: Object, enabled: false, status: success, fetchStatus: idle, count: 4} @ http://localhost:8788/app/hooks/tasks/use-tasks.ts:28
[   59054ms] [INFO] [cadence:tasks-query] state changed {filters: Object, enabled: false, status: success, fetchStatus: idle, count: 4} @ http://localhost:8788/app/hooks/tasks/use-tasks.ts:28
[   59055ms] [INFO] [cadence:tasks-query] state changed {filters: Object, enabled: true, status: success, fetchStatus: idle, count: 4} @ http://localhost:8788/app/hooks/tasks/use-tasks.ts:28
[   59056ms] [INFO] [cadence:tasks-query] state changed {filters: Object, enabled: false, status: pending, fetchStatus: idle, count: null} @ http://localhost:8788/app/hooks/tasks/use-tasks.ts:28
[   59058ms] [INFO] [cadence:tasks-query] state changed {filters: Object, enabled: false, status: pending, fetchStatus: idle, count: null} @ http://localhost:8788/app/hooks/tasks/use-tasks.ts:28
[   59059ms] [INFO] [cadence:tasks-query] state changed {filters: Object, enabled: true, status: success, fetchStatus: idle, count: 2} @ http://localhost:8788/app/hooks/tasks/use-tasks.ts:28
[   59059ms] [INFO] [cadence:tasks-query] state changed {filters: Object, enabled: false, status: pending, fetchStatus: idle, count: null} @ http://localhost:8788/app/hooks/tasks/use-tasks.ts:28
[   59502ms] [WARNING] The resource http://localhost:8788/app/app.css was preloaded using link preload but not used within a few seconds from the window's load event. Please make sure it has an appropriate `as` value and it is preloaded intentionally. @ http://localhost:8788/schedule:0
