[     460ms] [INFO] %cDownload the React DevTools for a better development experience: https://react.dev/link/react-devtools font-weight:bold @ http://localhost:8788/node_modules/.vite/deps/react-dom_client.js?v=32f5a6e4:15804
[    1150ms] [ERROR] Encountered a script tag while rendering React component. Scripts inside React components are never executed when rendering on the client. Consider using template tag instead (https://developer.mozilla.org/en-US/docs/Web/HTML/Element/template). @ http://localhost:8788/node_modules/.vite/deps/react-dom_client.js?v=32f5a6e4:6614
[    1304ms] [INFO] [cadence:tasks-query] state changed {filters: Object, enabled: false, status: pending, fetchStatus: idle, count: null} @ http://localhost:8788/app/hooks/tasks/use-tasks.ts:28
[    1307ms] [INFO] [cadence:inbox-query] state changed {enabled: false, status: pending, fetchStatus: idle, count: null, error: null} @ http://localhost:8788/app/hooks/inbox/use-inbox.ts:21
[    1307ms] [INFO] [cadence:tasks-query] state changed {filters: Object, enabled: false, status: pending, fetchStatus: idle, count: null} @ http://localhost:8788/app/hooks/tasks/use-tasks.ts:28
[    1311ms] [INFO] [cadence:tasks-query] state changed {filters: Object, enabled: false, status: pending, fetchStatus: idle, count: null} @ http://localhost:8788/app/hooks/tasks/use-tasks.ts:28
[    1312ms] [INFO] [cadence:inbox-query] state changed {enabled: false, status: pending, fetchStatus: idle, count: null, error: null} @ http://localhost:8788/app/hooks/inbox/use-inbox.ts:21
[    1312ms] [INFO] [cadence:tasks-query] state changed {filters: Object, enabled: false, status: pending, fetchStatus: idle, count: null} @ http://localhost:8788/app/hooks/tasks/use-tasks.ts:28
[    1357ms] [INFO] [cadence:tasks-query] state changed {filters: Object, enabled: false, status: pending, fetchStatus: idle, count: null} @ http://localhost:8788/app/hooks/tasks/use-tasks.ts:28
[    1357ms] [INFO] [cadence:tasks-query] state changed {filters: Object, enabled: false, status: pending, fetchStatus: idle, count: null} @ http://localhost:8788/app/hooks/tasks/use-tasks.ts:28
[    1429ms] [INFO] [cadence:tasks-query] state changed {filters: Object, enabled: false, status: success, fetchStatus: idle, count: 1} @ http://localhost:8788/app/hooks/tasks/use-tasks.ts:28
[    1431ms] [INFO] [cadence:inbox-query] state changed {enabled: false, status: success, fetchStatus: idle, count: 0, error: null} @ http://localhost:8788/app/hooks/inbox/use-inbox.ts:21
[    1432ms] [INFO] [cadence:tasks-query] state changed {filters: Object, enabled: false, status: success, fetchStatus: idle, count: 0} @ http://localhost:8788/app/hooks/tasks/use-tasks.ts:28
[    1473ms] [INFO] [cadence:tasks-query] state changed {filters: Object, enabled: false, status: success, fetchStatus: idle, count: 1} @ http://localhost:8788/app/hooks/tasks/use-tasks.ts:28
[    1519ms] [INFO] [cadence:tasks-query] state changed {filters: Object, enabled: false, status: success, fetchStatus: idle, count: 1} @ http://localhost:8788/app/hooks/tasks/use-tasks.ts:28
[    1520ms] [INFO] [cadence:inbox-query] state changed {enabled: false, status: success, fetchStatus: idle, count: 0, error: null} @ http://localhost:8788/app/hooks/inbox/use-inbox.ts:21
[    1520ms] [INFO] [cadence:tasks-query] state changed {filters: Object, enabled: false, status: success, fetchStatus: idle, count: 0} @ http://localhost:8788/app/hooks/tasks/use-tasks.ts:28
[    1622ms] [INFO] [cadence:tasks-query] state changed {filters: Object, enabled: true, status: success, fetchStatus: fetching, count: 1} @ http://localhost:8788/app/hooks/tasks/use-tasks.ts:28
[    1624ms] [INFO] [cadence:inbox-query] state changed {enabled: true, status: success, fetchStatus: fetching, count: 0, error: null} @ http://localhost:8788/app/hooks/inbox/use-inbox.ts:21
[    1624ms] [INFO] [cadence:tasks-query] state changed {filters: Object, enabled: true, status: success, fetchStatus: fetching, count: 0} @ http://localhost:8788/app/hooks/tasks/use-tasks.ts:28
[    1626ms] [INFO] [cadence:tasks-query] state changed {filters: Object, enabled: true, status: success, fetchStatus: fetching, count: 1} @ http://localhost:8788/app/hooks/tasks/use-tasks.ts:28
[    1627ms] [INFO] [cadence:inbox-query] state changed {enabled: true, status: success, fetchStatus: fetching, count: 0, error: null} @ http://localhost:8788/app/hooks/inbox/use-inbox.ts:21
[    1627ms] [INFO] [cadence:tasks-query] state changed {filters: Object, enabled: true, status: success, fetchStatus: fetching, count: 0} @ http://localhost:8788/app/hooks/tasks/use-tasks.ts:28
[    1630ms] [INFO] [cadence:tasks-query] state changed {filters: Object, enabled: true, status: success, fetchStatus: fetching, count: 1} @ http://localhost:8788/app/hooks/tasks/use-tasks.ts:28
[    1631ms] [INFO] [cadence:inbox-query] state changed {enabled: true, status: success, fetchStatus: fetching, count: 0, error: null} @ http://localhost:8788/app/hooks/inbox/use-inbox.ts:21
[    1631ms] [INFO] [cadence:tasks-query] state changed {filters: Object, enabled: true, status: success, fetchStatus: fetching, count: 0} @ http://localhost:8788/app/hooks/tasks/use-tasks.ts:28
[    1667ms] [INFO] [cadence:tasks-query] state changed {filters: Object, enabled: true, status: success, fetchStatus: fetching, count: 1} @ http://localhost:8788/app/hooks/tasks/use-tasks.ts:28
[    1669ms] [INFO] [cadence:tasks-query] state changed {filters: Object, enabled: true, status: success, fetchStatus: fetching, count: 0} @ http://localhost:8788/app/hooks/tasks/use-tasks.ts:28
[    1670ms] [INFO] [cadence:tasks-query] state changed {filters: Object, enabled: true, status: success, fetchStatus: fetching, count: 1} @ http://localhost:8788/app/hooks/tasks/use-tasks.ts:28
[    1671ms] [INFO] [cadence:tasks-query] state changed {filters: Object, enabled: true, status: success, fetchStatus: fetching, count: 0} @ http://localhost:8788/app/hooks/tasks/use-tasks.ts:28
[    1694ms] [WARNING] Geolocation permission has been blocked as the user has ignored the permission prompt several times. This can be reset in Page Info which can be accessed by clicking the tune icon next to the URL. See https://www.chromestatus.com/feature/6443143280984064 for more information. @ http://localhost:8788/:0
[    1904ms] [INFO] [cadence:tasks-query] state changed {filters: Object, enabled: false, status: success, fetchStatus: fetching, count: 1} @ http://localhost:8788/app/hooks/tasks/use-tasks.ts:28
[    1905ms] [INFO] [cadence:inbox-query] state changed {enabled: true, status: success, fetchStatus: fetching, count: 0, error: null} @ http://localhost:8788/app/hooks/inbox/use-inbox.ts:21
[    1906ms] [INFO] [cadence:tasks-query] state changed {filters: Object, enabled: false, status: success, fetchStatus: fetching, count: 1} @ http://localhost:8788/app/hooks/tasks/use-tasks.ts:28
[    1907ms] [INFO] [cadence:inbox-query] state changed {enabled: true, status: success, fetchStatus: fetching, count: 0, error: null} @ http://localhost:8788/app/hooks/inbox/use-inbox.ts:21
[    1908ms] [INFO] [cadence:tasks-query] state changed {filters: Object, enabled: false, status: success, fetchStatus: fetching, count: 1} @ http://localhost:8788/app/hooks/tasks/use-tasks.ts:28
[    1908ms] [INFO] [cadence:inbox-query] state changed {enabled: true, status: success, fetchStatus: fetching, count: 0, error: null} @ http://localhost:8788/app/hooks/inbox/use-inbox.ts:21
[    1908ms] [INFO] [cadence:tasks-query] state changed {filters: Object, enabled: false, status: success, fetchStatus: fetching, count: 1} @ http://localhost:8788/app/hooks/tasks/use-tasks.ts:28
[    1909ms] [INFO] [cadence:inbox-query] state changed {enabled: true, status: success, fetchStatus: fetching, count: 0, error: null} @ http://localhost:8788/app/hooks/inbox/use-inbox.ts:21
[    2022ms] [INFO] [cadence:tasks-query] state changed {filters: Object, enabled: true, status: success, fetchStatus: fetching, count: 1} @ http://localhost:8788/app/hooks/tasks/use-tasks.ts:28
[    2540ms] [INFO] [cadence:tasks-query] state changed {filters: Object, enabled: true, status: success, fetchStatus: fetching, count: 1} @ http://localhost:8788/app/hooks/tasks/use-tasks.ts:28
[    2542ms] [INFO] [cadence:inbox-query] state changed {enabled: true, status: success, fetchStatus: idle, count: 0, error: null} @ http://localhost:8788/app/hooks/inbox/use-inbox.ts:21
[    2543ms] [INFO] [cadence:tasks-query] state changed {filters: Object, enabled: true, status: success, fetchStatus: fetching, count: 0} @ http://localhost:8788/app/hooks/tasks/use-tasks.ts:28
[    2545ms] [INFO] [cadence:tasks-query] state changed {filters: Object, enabled: false, status: success, fetchStatus: fetching, count: 1} @ http://localhost:8788/app/hooks/tasks/use-tasks.ts:28
[    2545ms] [INFO] [cadence:inbox-query] state changed {enabled: true, status: success, fetchStatus: idle, count: 0, error: null} @ http://localhost:8788/app/hooks/inbox/use-inbox.ts:21
[    2546ms] [INFO] [cadence:tasks-query] state changed {filters: Object, enabled: false, status: success, fetchStatus: fetching, count: 1} @ http://localhost:8788/app/hooks/tasks/use-tasks.ts:28
[    2547ms] [INFO] [cadence:inbox-query] state changed {enabled: true, status: success, fetchStatus: idle, count: 0, error: null} @ http://localhost:8788/app/hooks/inbox/use-inbox.ts:21
[    2548ms] [INFO] [cadence:tasks-query] state changed {filters: Object, enabled: true, status: success, fetchStatus: fetching, count: 1} @ http://localhost:8788/app/hooks/tasks/use-tasks.ts:28
[    2549ms] [INFO] [cadence:inbox-query] state changed {enabled: true, status: success, fetchStatus: idle, count: 0, error: null} @ http://localhost:8788/app/hooks/inbox/use-inbox.ts:21
[    2550ms] [INFO] [cadence:tasks-query] state changed {filters: Object, enabled: true, status: success, fetchStatus: fetching, count: 0} @ http://localhost:8788/app/hooks/tasks/use-tasks.ts:28
[    2635ms] [INFO] [cadence:tasks-query] state changed {filters: Object, enabled: true, status: success, fetchStatus: idle, count: 1} @ http://localhost:8788/app/hooks/tasks/use-tasks.ts:28
[    2636ms] [INFO] [cadence:tasks-query] state changed {filters: Object, enabled: true, status: success, fetchStatus: fetching, count: 0} @ http://localhost:8788/app/hooks/tasks/use-tasks.ts:28
[    2637ms] [INFO] [cadence:tasks-query] state changed {filters: Object, enabled: false, status: success, fetchStatus: idle, count: 1} @ http://localhost:8788/app/hooks/tasks/use-tasks.ts:28
[    2638ms] [INFO] [cadence:tasks-query] state changed {filters: Object, enabled: false, status: success, fetchStatus: idle, count: 1} @ http://localhost:8788/app/hooks/tasks/use-tasks.ts:28
[    2640ms] [INFO] [cadence:tasks-query] state changed {filters: Object, enabled: true, status: success, fetchStatus: idle, count: 1} @ http://localhost:8788/app/hooks/tasks/use-tasks.ts:28
[    3180ms] [INFO] [cadence:tasks-query] state changed {filters: Object, enabled: true, status: success, fetchStatus: idle, count: 1} @ http://localhost:8788/app/hooks/tasks/use-tasks.ts:28
[    3181ms] [INFO] [cadence:tasks-query] state changed {filters: Object, enabled: true, status: success, fetchStatus: idle, count: 0} @ http://localhost:8788/app/hooks/tasks/use-tasks.ts:28
[    3182ms] [INFO] [cadence:tasks-query] state changed {filters: Object, enabled: false, status: success, fetchStatus: idle, count: 1} @ http://localhost:8788/app/hooks/tasks/use-tasks.ts:28
[    3183ms] [INFO] [cadence:tasks-query] state changed {filters: Object, enabled: false, status: success, fetchStatus: idle, count: 1} @ http://localhost:8788/app/hooks/tasks/use-tasks.ts:28
[    3183ms] [INFO] [cadence:tasks-query] state changed {filters: Object, enabled: true, status: success, fetchStatus: idle, count: 1} @ http://localhost:8788/app/hooks/tasks/use-tasks.ts:28
[    3184ms] [INFO] [cadence:tasks-query] state changed {filters: Object, enabled: true, status: success, fetchStatus: idle, count: 0} @ http://localhost:8788/app/hooks/tasks/use-tasks.ts:28
[    7129ms] [INFO] [cadence:tasks-query] state changed {filters: Object, enabled: true, status: success, fetchStatus: idle, count: 1} @ http://localhost:8788/app/hooks/tasks/use-tasks.ts:28
[   59078ms] [INFO] [cadence:tasks-query] state changed {filters: Object, enabled: true, status: success, fetchStatus: idle, count: 1} @ http://localhost:8788/app/hooks/tasks/use-tasks.ts:28
[  114618ms] [INFO] [cadence:tasks-query] state changed {filters: Object, enabled: true, status: success, fetchStatus: idle, count: 1} @ http://localhost:8788/app/hooks/tasks/use-tasks.ts:28
