[     445ms] [INFO] %cDownload the React DevTools for a better development experience: https://react.dev/link/react-devtools font-weight:bold @ http://localhost:8788/node_modules/.vite/deps/react-dom_client.js?v=32f5a6e4:15804
[    1124ms] [ERROR] Encountered a script tag while rendering React component. Scripts inside React components are never executed when rendering on the client. Consider using template tag instead (https://developer.mozilla.org/en-US/docs/Web/HTML/Element/template). @ http://localhost:8788/node_modules/.vite/deps/react-dom_client.js?v=32f5a6e4:6614
[    1261ms] [INFO] [cadence:tasks-query] state changed {filters: Object, enabled: false, status: pending, fetchStatus: idle, count: null} @ http://localhost:8788/app/hooks/tasks/use-tasks.ts?t=1789333343959:28
[    1263ms] [INFO] [cadence:tasks-query] state changed {filters: Object, enabled: false, status: pending, fetchStatus: idle, count: null} @ http://localhost:8788/app/hooks/tasks/use-tasks.ts?t=1789333343959:28
[    1264ms] [INFO] [cadence:tasks-query] state changed {filters: Object, enabled: false, status: pending, fetchStatus: idle, count: null} @ http://localhost:8788/app/hooks/tasks/use-tasks.ts?t=1789333343959:28
[    1265ms] [INFO] [cadence:tasks-query] state changed {filters: Object, enabled: false, status: pending, fetchStatus: idle, count: null} @ http://localhost:8788/app/hooks/tasks/use-tasks.ts?t=1789333343959:28
[    1265ms] [INFO] [cadence:tasks-query] state changed {filters: Object, enabled: false, status: pending, fetchStatus: idle, count: null} @ http://localhost:8788/app/hooks/tasks/use-tasks.ts?t=1789333343959:28
[    1269ms] [INFO] [cadence:tasks-query] state changed {filters: Object, enabled: false, status: pending, fetchStatus: idle, count: null} @ http://localhost:8788/app/hooks/tasks/use-tasks.ts?t=1789333343959:28
[    1270ms] [INFO] [cadence:tasks-query] state changed {filters: Object, enabled: false, status: pending, fetchStatus: idle, count: null} @ http://localhost:8788/app/hooks/tasks/use-tasks.ts?t=1789333343959:28
[    1271ms] [INFO] [cadence:tasks-query] state changed {filters: Object, enabled: false, status: pending, fetchStatus: idle, count: null} @ http://localhost:8788/app/hooks/tasks/use-tasks.ts?t=1789333343959:28
[    1271ms] [INFO] [cadence:tasks-query] state changed {filters: Object, enabled: false, status: pending, fetchStatus: idle, count: null} @ http://localhost:8788/app/hooks/tasks/use-tasks.ts?t=1789333343959:28
[    1271ms] [INFO] [cadence:tasks-query] state changed {filters: Object, enabled: false, status: pending, fetchStatus: idle, count: null} @ http://localhost:8788/app/hooks/tasks/use-tasks.ts?t=1789333343959:28
[    1329ms] [INFO] [cadence:tasks-query] state changed {filters: Object, enabled: false, status: pending, fetchStatus: idle, count: null} @ http://localhost:8788/app/hooks/tasks/use-tasks.ts?t=1789333343959:28
[    1330ms] [INFO] [cadence:tasks-query] state changed {filters: Object, enabled: false, status: pending, fetchStatus: idle, count: null} @ http://localhost:8788/app/hooks/tasks/use-tasks.ts?t=1789333343959:28
[    1330ms] [INFO] [cadence:tasks-query] state changed {filters: Object, enabled: false, status: pending, fetchStatus: idle, count: null} @ http://localhost:8788/app/hooks/tasks/use-tasks.ts?t=1789333343959:28
[    1330ms] [INFO] [cadence:tasks-query] state changed {filters: Object, enabled: false, status: pending, fetchStatus: idle, count: null} @ http://localhost:8788/app/hooks/tasks/use-tasks.ts?t=1789333343959:28
[    1331ms] [INFO] [cadence:tasks-query] state changed {filters: Object, enabled: false, status: pending, fetchStatus: idle, count: null} @ http://localhost:8788/app/hooks/tasks/use-tasks.ts?t=1789333343959:28
[    1420ms] [INFO] [cadence:tasks-query] state changed {filters: Object, enabled: false, status: pending, fetchStatus: idle, count: null} @ http://localhost:8788/app/hooks/tasks/use-tasks.ts?t=1789333343959:28
[    1421ms] [INFO] [cadence:tasks-query] state changed {filters: Object, enabled: false, status: pending, fetchStatus: idle, count: null} @ http://localhost:8788/app/hooks/tasks/use-tasks.ts?t=1789333343959:28
[    1422ms] [INFO] [cadence:tasks-query] state changed {filters: Object, enabled: false, status: pending, fetchStatus: idle, count: null} @ http://localhost:8788/app/hooks/tasks/use-tasks.ts?t=1789333343959:28
[    1422ms] [INFO] [cadence:tasks-query] state changed {filters: Object, enabled: false, status: pending, fetchStatus: idle, count: null} @ http://localhost:8788/app/hooks/tasks/use-tasks.ts?t=1789333343959:28
[    1423ms] [INFO] [cadence:tasks-query] state changed {filters: Object, enabled: false, status: pending, fetchStatus: idle, count: null} @ http://localhost:8788/app/hooks/tasks/use-tasks.ts?t=1789333343959:28
[    1482ms] [INFO] [cadence:tasks-query] state changed {filters: Object, enabled: false, status: pending, fetchStatus: idle, count: null} @ http://localhost:8788/app/hooks/tasks/use-tasks.ts?t=1789333343959:28
[    1483ms] [INFO] [cadence:tasks-query] state changed {filters: Object, enabled: false, status: pending, fetchStatus: idle, count: null} @ http://localhost:8788/app/hooks/tasks/use-tasks.ts?t=1789333343959:28
[    1483ms] [INFO] [cadence:tasks-query] state changed {filters: Object, enabled: false, status: pending, fetchStatus: idle, count: null} @ http://localhost:8788/app/hooks/tasks/use-tasks.ts?t=1789333343959:28
[    1483ms] [INFO] [cadence:tasks-query] state changed {filters: Object, enabled: false, status: pending, fetchStatus: idle, count: null} @ http://localhost:8788/app/hooks/tasks/use-tasks.ts?t=1789333343959:28
[    1484ms] [INFO] [cadence:tasks-query] state changed {filters: Object, enabled: false, status: pending, fetchStatus: idle, count: null} @ http://localhost:8788/app/hooks/tasks/use-tasks.ts?t=1789333343959:28
[    1533ms] [INFO] [cadence:tasks-query] state changed {filters: Object, enabled: false, status: pending, fetchStatus: idle, count: null} @ http://localhost:8788/app/hooks/tasks/use-tasks.ts?t=1789333343959:28
[    1534ms] [INFO] [cadence:tasks-query] state changed {filters: Object, enabled: false, status: pending, fetchStatus: idle, count: null} @ http://localhost:8788/app/hooks/tasks/use-tasks.ts?t=1789333343959:28
[    1534ms] [INFO] [cadence:tasks-query] state changed {filters: Object, enabled: false, status: pending, fetchStatus: idle, count: null} @ http://localhost:8788/app/hooks/tasks/use-tasks.ts?t=1789333343959:28
[    1534ms] [INFO] [cadence:tasks-query] state changed {filters: Object, enabled: false, status: pending, fetchStatus: idle, count: null} @ http://localhost:8788/app/hooks/tasks/use-tasks.ts?t=1789333343959:28
[    1535ms] [INFO] [cadence:tasks-query] state changed {filters: Object, enabled: false, status: pending, fetchStatus: idle, count: null} @ http://localhost:8788/app/hooks/tasks/use-tasks.ts?t=1789333343959:28
[    1560ms] [INFO] [cadence:tasks-query] state changed {filters: Object, enabled: false, status: pending, fetchStatus: idle, count: null} @ http://localhost:8788/app/hooks/tasks/use-tasks.ts?t=1789333343959:28
[    1561ms] [INFO] [cadence:tasks-query] state changed {filters: Object, enabled: false, status: pending, fetchStatus: idle, count: null} @ http://localhost:8788/app/hooks/tasks/use-tasks.ts?t=1789333343959:28
[    1562ms] [INFO] [cadence:tasks-query] state changed {filters: Object, enabled: false, status: pending, fetchStatus: idle, count: null} @ http://localhost:8788/app/hooks/tasks/use-tasks.ts?t=1789333343959:28
[    1562ms] [INFO] [cadence:tasks-query] state changed {filters: Object, enabled: false, status: pending, fetchStatus: idle, count: null} @ http://localhost:8788/app/hooks/tasks/use-tasks.ts?t=1789333343959:28
[    1562ms] [INFO] [cadence:tasks-query] state changed {filters: Object, enabled: false, status: pending, fetchStatus: idle, count: null} @ http://localhost:8788/app/hooks/tasks/use-tasks.ts?t=1789333343959:28
[    1616ms] [INFO] [cadence:tasks-query] state changed {filters: Object, enabled: true, status: pending, fetchStatus: idle, count: null} @ http://localhost:8788/app/hooks/tasks/use-tasks.ts?t=1789333343959:28
[    1617ms] [INFO] [cadence:tasks-query] state changed {filters: Object, enabled: false, status: pending, fetchStatus: idle, count: null} @ http://localhost:8788/app/hooks/tasks/use-tasks.ts?t=1789333343959:28
[    1617ms] [INFO] [cadence:tasks-query] state changed {filters: Object, enabled: false, status: pending, fetchStatus: idle, count: null} @ http://localhost:8788/app/hooks/tasks/use-tasks.ts?t=1789333343959:28
[    1618ms] [INFO] [cadence:tasks-query] state changed {filters: Object, enabled: true, status: pending, fetchStatus: idle, count: null} @ http://localhost:8788/app/hooks/tasks/use-tasks.ts?t=1789333343959:28
[    1618ms] [INFO] [cadence:tasks-query] state changed {filters: Object, enabled: false, status: pending, fetchStatus: idle, count: null} @ http://localhost:8788/app/hooks/tasks/use-tasks.ts?t=1789333343959:28
[    1660ms] [INFO] [cadence:tasks-query] state changed {filters: Object, enabled: true, status: pending, fetchStatus: fetching, count: null} @ http://localhost:8788/app/hooks/tasks/use-tasks.ts?t=1789333343959:28
[    1661ms] [INFO] [cadence:tasks-query] state changed {filters: Object, enabled: false, status: pending, fetchStatus: idle, count: null} @ http://localhost:8788/app/hooks/tasks/use-tasks.ts?t=1789333343959:28
[    1662ms] [INFO] [cadence:tasks-query] state changed {filters: Object, enabled: false, status: pending, fetchStatus: idle, count: null} @ http://localhost:8788/app/hooks/tasks/use-tasks.ts?t=1789333343959:28
[    1662ms] [INFO] [cadence:tasks-query] state changed {filters: Object, enabled: true, status: pending, fetchStatus: fetching, count: null} @ http://localhost:8788/app/hooks/tasks/use-tasks.ts?t=1789333343959:28
[    1663ms] [INFO] [cadence:tasks-query] state changed {filters: Object, enabled: false, status: pending, fetchStatus: idle, count: null} @ http://localhost:8788/app/hooks/tasks/use-tasks.ts?t=1789333343959:28
[    1674ms] [INFO] [cadence:tasks-query] state changed {filters: Object, enabled: true, status: pending, fetchStatus: fetching, count: null} @ http://localhost:8788/app/hooks/tasks/use-tasks.ts?t=1789333343959:28
[    1675ms] [INFO] [cadence:tasks-query] state changed {filters: Object, enabled: false, status: pending, fetchStatus: idle, count: null} @ http://localhost:8788/app/hooks/tasks/use-tasks.ts?t=1789333343959:28
[    1675ms] [INFO] [cadence:tasks-query] state changed {filters: Object, enabled: false, status: pending, fetchStatus: idle, count: null} @ http://localhost:8788/app/hooks/tasks/use-tasks.ts?t=1789333343959:28
[    1676ms] [INFO] [cadence:tasks-query] state changed {filters: Object, enabled: true, status: pending, fetchStatus: fetching, count: null} @ http://localhost:8788/app/hooks/tasks/use-tasks.ts?t=1789333343959:28
[    1676ms] [INFO] [cadence:tasks-query] state changed {filters: Object, enabled: false, status: pending, fetchStatus: idle, count: null} @ http://localhost:8788/app/hooks/tasks/use-tasks.ts?t=1789333343959:28
[    1912ms] [INFO] [cadence:tasks-query] state changed {filters: Object, enabled: false, status: pending, fetchStatus: fetching, count: null} @ http://localhost:8788/app/hooks/tasks/use-tasks.ts?t=1789333343959:28
[    1914ms] [INFO] [cadence:inbox-query] state changed {enabled: true, status: pending, fetchStatus: fetching, count: null, error: null} @ http://localhost:8788/app/hooks/inbox/use-inbox.ts:21
[    1915ms] [INFO] [cadence:tasks-query] state changed {filters: Object, enabled: false, status: pending, fetchStatus: fetching, count: null} @ http://localhost:8788/app/hooks/tasks/use-tasks.ts?t=1789333343959:28
[    1917ms] [INFO] [cadence:inbox-query] state changed {enabled: true, status: pending, fetchStatus: fetching, count: null, error: null} @ http://localhost:8788/app/hooks/inbox/use-inbox.ts:21
[    1918ms] [INFO] [cadence:tasks-query] state changed {filters: Object, enabled: false, status: pending, fetchStatus: fetching, count: null} @ http://localhost:8788/app/hooks/tasks/use-tasks.ts?t=1789333343959:28
[    1919ms] [INFO] [cadence:inbox-query] state changed {enabled: true, status: pending, fetchStatus: fetching, count: null, error: null} @ http://localhost:8788/app/hooks/inbox/use-inbox.ts:21
[    1919ms] [INFO] [cadence:tasks-query] state changed {filters: Object, enabled: false, status: pending, fetchStatus: fetching, count: null} @ http://localhost:8788/app/hooks/tasks/use-tasks.ts?t=1789333343959:28
[    1920ms] [INFO] [cadence:inbox-query] state changed {enabled: true, status: pending, fetchStatus: fetching, count: null, error: null} @ http://localhost:8788/app/hooks/inbox/use-inbox.ts:21
[    2481ms] [INFO] [cadence:tasks-query] state changed {filters: Object, enabled: false, status: pending, fetchStatus: fetching, count: null} @ http://localhost:8788/app/hooks/tasks/use-tasks.ts?t=1789333343959:28
[    2481ms] [INFO] [cadence:tasks-query] state changed {filters: Object, enabled: false, status: pending, fetchStatus: fetching, count: null} @ http://localhost:8788/app/hooks/tasks/use-tasks.ts?t=1789333343959:28
[    2483ms] [INFO] [cadence:tasks-query] state changed {filters: Object, enabled: true, status: pending, fetchStatus: fetching, count: null} @ http://localhost:8788/app/hooks/tasks/use-tasks.ts?t=1789333343959:28
[    2487ms] [INFO] [cadence:tasks-query] state changed {filters: Object, enabled: false, status: pending, fetchStatus: fetching, count: null} @ http://localhost:8788/app/hooks/tasks/use-tasks.ts?t=1789333343959:28
[    2488ms] [INFO] [cadence:tasks-query] state changed {filters: Object, enabled: false, status: pending, fetchStatus: fetching, count: null} @ http://localhost:8788/app/hooks/tasks/use-tasks.ts?t=1789333343959:28
[    2551ms] [INFO] [cadence:tasks-query] state changed {filters: Object, enabled: false, status: pending, fetchStatus: fetching, count: null} @ http://localhost:8788/app/hooks/tasks/use-tasks.ts?t=1789333343959:28
[    2552ms] [INFO] [cadence:tasks-query] state changed {filters: Object, enabled: false, status: pending, fetchStatus: fetching, count: null} @ http://localhost:8788/app/hooks/tasks/use-tasks.ts?t=1789333343959:28
[    2554ms] [INFO] [cadence:tasks-query] state changed {filters: Object, enabled: true, status: pending, fetchStatus: fetching, count: null} @ http://localhost:8788/app/hooks/tasks/use-tasks.ts?t=1789333343959:28
[    2554ms] [INFO] [cadence:tasks-query] state changed {filters: Object, enabled: false, status: pending, fetchStatus: idle, count: null} @ http://localhost:8788/app/hooks/tasks/use-tasks.ts?t=1789333343959:28
[    2555ms] [INFO] [cadence:tasks-query] state changed {filters: Object, enabled: false, status: pending, fetchStatus: idle, count: null} @ http://localhost:8788/app/hooks/tasks/use-tasks.ts?t=1789333343959:28
[    2555ms] [INFO] [cadence:tasks-query] state changed {filters: Object, enabled: true, status: pending, fetchStatus: fetching, count: null} @ http://localhost:8788/app/hooks/tasks/use-tasks.ts?t=1789333343959:28
[    2556ms] [INFO] [cadence:tasks-query] state changed {filters: Object, enabled: false, status: pending, fetchStatus: idle, count: null} @ http://localhost:8788/app/hooks/tasks/use-tasks.ts?t=1789333343959:28
[    2575ms] [INFO] [cadence:tasks-query] state changed {filters: Object, enabled: false, status: pending, fetchStatus: fetching, count: null} @ http://localhost:8788/app/hooks/tasks/use-tasks.ts?t=1789333343959:28
[    2576ms] [INFO] [cadence:tasks-query] state changed {filters: Object, enabled: false, status: pending, fetchStatus: fetching, count: null} @ http://localhost:8788/app/hooks/tasks/use-tasks.ts?t=1789333343959:28
[    2577ms] [INFO] [cadence:tasks-query] state changed {filters: Object, enabled: true, status: pending, fetchStatus: fetching, count: null} @ http://localhost:8788/app/hooks/tasks/use-tasks.ts?t=1789333343959:28
[    2593ms] [INFO] [cadence:tasks-query] state changed {filters: Object, enabled: false, status: pending, fetchStatus: fetching, count: null} @ http://localhost:8788/app/hooks/tasks/use-tasks.ts?t=1789333343959:28
[    2594ms] [INFO] [cadence:tasks-query] state changed {filters: Object, enabled: false, status: pending, fetchStatus: fetching, count: null} @ http://localhost:8788/app/hooks/tasks/use-tasks.ts?t=1789333343959:28
[    2596ms] [INFO] [cadence:tasks-query] state changed {filters: Object, enabled: true, status: pending, fetchStatus: fetching, count: null} @ http://localhost:8788/app/hooks/tasks/use-tasks.ts?t=1789333343959:28
[    2659ms] [INFO] [cadence:tasks-query] state changed {filters: Object, enabled: false, status: success, fetchStatus: idle, count: 7} @ http://localhost:8788/app/hooks/tasks/use-tasks.ts?t=1789333343959:28
[    2660ms] [INFO] [cadence:tasks-query] state changed {filters: Object, enabled: false, status: success, fetchStatus: idle, count: 7} @ http://localhost:8788/app/hooks/tasks/use-tasks.ts?t=1789333343959:28
[    2661ms] [INFO] [cadence:tasks-query] state changed {filters: Object, enabled: true, status: success, fetchStatus: idle, count: 7} @ http://localhost:8788/app/hooks/tasks/use-tasks.ts?t=1789333343959:28
[    2793ms] [INFO] [cadence:tasks-query] state changed {filters: Object, enabled: false, status: success, fetchStatus: idle, count: 7} @ http://localhost:8788/app/hooks/tasks/use-tasks.ts?t=1789333343959:28
[    2794ms] [INFO] [cadence:tasks-query] state changed {filters: Object, enabled: false, status: success, fetchStatus: idle, count: 7} @ http://localhost:8788/app/hooks/tasks/use-tasks.ts?t=1789333343959:28
[    2794ms] [INFO] [cadence:tasks-query] state changed {filters: Object, enabled: true, status: success, fetchStatus: idle, count: 7} @ http://localhost:8788/app/hooks/tasks/use-tasks.ts?t=1789333343959:28
[    2795ms] [INFO] [cadence:tasks-query] state changed {filters: Object, enabled: false, status: pending, fetchStatus: idle, count: null} @ http://localhost:8788/app/hooks/tasks/use-tasks.ts?t=1789333343959:28
[    2795ms] [INFO] [cadence:tasks-query] state changed {filters: Object, enabled: false, status: pending, fetchStatus: idle, count: null} @ http://localhost:8788/app/hooks/tasks/use-tasks.ts?t=1789333343959:28
[    2796ms] [INFO] [cadence:tasks-query] state changed {filters: Object, enabled: true, status: pending, fetchStatus: fetching, count: null} @ http://localhost:8788/app/hooks/tasks/use-tasks.ts?t=1789333343959:28
[    2796ms] [INFO] [cadence:tasks-query] state changed {filters: Object, enabled: false, status: pending, fetchStatus: idle, count: null} @ http://localhost:8788/app/hooks/tasks/use-tasks.ts?t=1789333343959:28
[    2928ms] [INFO] [cadence:tasks-query] state changed {filters: Object, enabled: false, status: success, fetchStatus: idle, count: 7} @ http://localhost:8788/app/hooks/tasks/use-tasks.ts?t=1789333343959:28
[    2929ms] [INFO] [cadence:tasks-query] state changed {filters: Object, enabled: false, status: success, fetchStatus: idle, count: 7} @ http://localhost:8788/app/hooks/tasks/use-tasks.ts?t=1789333343959:28
[    2930ms] [INFO] [cadence:tasks-query] state changed {filters: Object, enabled: true, status: success, fetchStatus: idle, count: 7} @ http://localhost:8788/app/hooks/tasks/use-tasks.ts?t=1789333343959:28
[    2930ms] [INFO] [cadence:tasks-query] state changed {filters: Object, enabled: false, status: pending, fetchStatus: idle, count: null} @ http://localhost:8788/app/hooks/tasks/use-tasks.ts?t=1789333343959:28
[    2931ms] [INFO] [cadence:tasks-query] state changed {filters: Object, enabled: false, status: pending, fetchStatus: idle, count: null} @ http://localhost:8788/app/hooks/tasks/use-tasks.ts?t=1789333343959:28
[    2931ms] [INFO] [cadence:tasks-query] state changed {filters: Object, enabled: true, status: success, fetchStatus: idle, count: 0} @ http://localhost:8788/app/hooks/tasks/use-tasks.ts?t=1789333343959:28
[    2931ms] [INFO] [cadence:tasks-query] state changed {filters: Object, enabled: false, status: pending, fetchStatus: idle, count: null} @ http://localhost:8788/app/hooks/tasks/use-tasks.ts?t=1789333343959:28
[    3039ms] [INFO] [cadence:tasks-query] state changed {filters: Object, enabled: false, status: success, fetchStatus: idle, count: 7} @ http://localhost:8788/app/hooks/tasks/use-tasks.ts?t=1789333343959:28
[    3039ms] [INFO] [cadence:tasks-query] state changed {filters: Object, enabled: false, status: success, fetchStatus: idle, count: 7} @ http://localhost:8788/app/hooks/tasks/use-tasks.ts?t=1789333343959:28
[    3040ms] [INFO] [cadence:tasks-query] state changed {filters: Object, enabled: true, status: success, fetchStatus: idle, count: 7} @ http://localhost:8788/app/hooks/tasks/use-tasks.ts?t=1789333343959:28
[    3040ms] [INFO] [cadence:tasks-query] state changed {filters: Object, enabled: false, status: pending, fetchStatus: idle, count: null} @ http://localhost:8788/app/hooks/tasks/use-tasks.ts?t=1789333343959:28
[    3041ms] [INFO] [cadence:tasks-query] state changed {filters: Object, enabled: false, status: pending, fetchStatus: idle, count: null} @ http://localhost:8788/app/hooks/tasks/use-tasks.ts?t=1789333343959:28
[    3041ms] [INFO] [cadence:tasks-query] state changed {filters: Object, enabled: true, status: success, fetchStatus: idle, count: 0} @ http://localhost:8788/app/hooks/tasks/use-tasks.ts?t=1789333343959:28
[    3041ms] [INFO] [cadence:tasks-query] state changed {filters: Object, enabled: false, status: pending, fetchStatus: idle, count: null} @ http://localhost:8788/app/hooks/tasks/use-tasks.ts?t=1789333343959:28
[    3069ms] [INFO] [cadence:tasks-query] state changed {filters: Object, enabled: false, status: success, fetchStatus: idle, count: 7} @ http://localhost:8788/app/hooks/tasks/use-tasks.ts?t=1789333343959:28
[    3070ms] [INFO] [cadence:tasks-query] state changed {filters: Object, enabled: false, status: success, fetchStatus: idle, count: 7} @ http://localhost:8788/app/hooks/tasks/use-tasks.ts?t=1789333343959:28
[    3071ms] [INFO] [cadence:tasks-query] state changed {filters: Object, enabled: true, status: success, fetchStatus: idle, count: 7} @ http://localhost:8788/app/hooks/tasks/use-tasks.ts?t=1789333343959:28
[    3072ms] [INFO] [cadence:tasks-query] state changed {filters: Object, enabled: false, status: pending, fetchStatus: idle, count: null} @ http://localhost:8788/app/hooks/tasks/use-tasks.ts?t=1789333343959:28
[    3072ms] [INFO] [cadence:tasks-query] state changed {filters: Object, enabled: false, status: pending, fetchStatus: idle, count: null} @ http://localhost:8788/app/hooks/tasks/use-tasks.ts?t=1789333343959:28
[    3073ms] [INFO] [cadence:tasks-query] state changed {filters: Object, enabled: true, status: success, fetchStatus: idle, count: 0} @ http://localhost:8788/app/hooks/tasks/use-tasks.ts?t=1789333343959:28
[    3073ms] [INFO] [cadence:tasks-query] state changed {filters: Object, enabled: false, status: pending, fetchStatus: idle, count: null} @ http://localhost:8788/app/hooks/tasks/use-tasks.ts?t=1789333343959:28
[    3097ms] [INFO] [cadence:tasks-query] state changed {filters: Object, enabled: false, status: success, fetchStatus: idle, count: 7} @ http://localhost:8788/app/hooks/tasks/use-tasks.ts?t=1789333343959:28
[    3098ms] [INFO] [cadence:tasks-query] state changed {filters: Object, enabled: false, status: success, fetchStatus: idle, count: 7} @ http://localhost:8788/app/hooks/tasks/use-tasks.ts?t=1789333343959:28
[    3226ms] [INFO] [cadence:tasks-query] state changed {filters: Object, enabled: false, status: success, fetchStatus: idle, count: 7} @ http://localhost:8788/app/hooks/tasks/use-tasks.ts?t=1789333343959:28
[    3227ms] [INFO] [cadence:inbox-query] state changed {enabled: true, status: success, fetchStatus: idle, count: 3, error: null} @ http://localhost:8788/app/hooks/inbox/use-inbox.ts:21
[    3227ms] [INFO] [cadence:tasks-query] state changed {filters: Object, enabled: false, status: success, fetchStatus: idle, count: 7} @ http://localhost:8788/app/hooks/tasks/use-tasks.ts?t=1789333343959:28
[    3228ms] [INFO] [cadence:inbox-query] state changed {enabled: true, status: success, fetchStatus: idle, count: 3, error: null} @ http://localhost:8788/app/hooks/inbox/use-inbox.ts:21
[    3364ms] [INFO] [cadence:tasks-query] state changed {filters: Object, enabled: false, status: success, fetchStatus: idle, count: 7} @ http://localhost:8788/app/hooks/tasks/use-tasks.ts?t=1789333343959:28
[    3365ms] [INFO] [cadence:tasks-query] state changed {filters: Object, enabled: false, status: success, fetchStatus: idle, count: 7} @ http://localhost:8788/app/hooks/tasks/use-tasks.ts?t=1789333343959:28
[    4139ms] [INFO] [cadence:tasks-query] state changed {filters: Object, enabled: false, status: success, fetchStatus: idle, count: 7} @ http://localhost:8788/app/hooks/tasks/use-tasks.ts?t=1789333343959:28
[    4139ms] [INFO] [cadence:tasks-query] state changed {filters: Object, enabled: false, status: success, fetchStatus: idle, count: 7} @ http://localhost:8788/app/hooks/tasks/use-tasks.ts?t=1789333343959:28
[   28996ms] [INFO] [cadence:tasks-query] state changed {filters: Object, enabled: true, status: success, fetchStatus: idle, count: 7} @ http://localhost:8788/app/hooks/tasks/use-tasks.ts?t=1789333343959:28
[   29007ms] [INFO] [cadence:tasks-query] state changed {filters: Object, enabled: false, status: success, fetchStatus: idle, count: 7} @ http://localhost:8788/app/hooks/tasks/use-tasks.ts?t=1789333343959:28
[   29007ms] [INFO] [cadence:tasks-query] state changed {filters: Object, enabled: false, status: success, fetchStatus: idle, count: 7} @ http://localhost:8788/app/hooks/tasks/use-tasks.ts?t=1789333343959:28
[   29008ms] [INFO] [cadence:tasks-query] state changed {filters: Object, enabled: true, status: success, fetchStatus: idle, count: 7} @ http://localhost:8788/app/hooks/tasks/use-tasks.ts?t=1789333343959:28
[   29009ms] [INFO] [cadence:tasks-query] state changed {filters: Object, enabled: false, status: pending, fetchStatus: idle, count: null} @ http://localhost:8788/app/hooks/tasks/use-tasks.ts?t=1789333343959:28
[   29009ms] [INFO] [cadence:tasks-query] state changed {filters: Object, enabled: false, status: pending, fetchStatus: idle, count: null} @ http://localhost:8788/app/hooks/tasks/use-tasks.ts?t=1789333343959:28
[   29010ms] [INFO] [cadence:tasks-query] state changed {filters: Object, enabled: true, status: success, fetchStatus: idle, count: 0} @ http://localhost:8788/app/hooks/tasks/use-tasks.ts?t=1789333343959:28
[   29010ms] [INFO] [cadence:tasks-query] state changed {filters: Object, enabled: false, status: pending, fetchStatus: idle, count: null} @ http://localhost:8788/app/hooks/tasks/use-tasks.ts?t=1789333343959:28
[   29012ms] [INFO] [cadence:tasks-query] state changed {filters: Object, enabled: true, status: success, fetchStatus: idle, count: 7} @ http://localhost:8788/app/hooks/tasks/use-tasks.ts?t=1789333343959:28
[   29190ms] [INFO] [cadence:tasks-query] state changed {filters: Object, enabled: true, status: success, fetchStatus: idle, count: 7} @ http://localhost:8788/app/hooks/tasks/use-tasks.ts?t=1789333343959:28
[   29652ms] [INFO] [cadence:tasks-query] state changed {filters: Object, enabled: true, status: success, fetchStatus: idle, count: 7} @ http://localhost:8788/app/hooks/tasks/use-tasks.ts?t=1789333343959:28
